******************************************************************************
                  MSP430 Linker PC v15.12.3                    
******************************************************************************
>> Linked Thu Mar 07 10:22:14 2019

OUTPUT FILE NAME:   <DMAH+.out>
ENTRY POINT SYMBOL: "_c_int00_noargs_noexit"  address: 0000e380


MEMORY CONFIGURATION

         name            origin    length      used     unused   attr    fill
----------------------  --------  ---------  --------  --------  ----  --------
  SFR                   00000000   00000010  00000000  00000010  RWIX
  PERIPHERALS_8BIT      00000010   000000f0  00000000  000000f0  RWIX
  PERIPHERALS_16BIT     00000100   00000100  00000000  00000100  RWIX
  INFOB                 00001800   00000080  00000000  00000080  RWIX
  INFOA                 00001880   00000080  00000000  00000080  RWIX
  RAM                   00001c00   00000400  000003da  00000026  RWIX
  FRAM_VARS             0000c200   000005e0  0000003e  000005a2  RWIX
  FRAM                  0000c7e0   000037a0  00001c50  00001b50  RWIX
  SIGNATURE             0000ff80   00000010  00000000  00000010  RWIX
  INT00                 0000ff90   00000002  00000000  00000002  RWIX
  INT01                 0000ff92   00000002  00000000  00000002  RWIX
  INT02                 0000ff94   00000002  00000000  00000002  RWIX
  INT03                 0000ff96   00000002  00000000  00000002  RWIX
  INT04                 0000ff98   00000002  00000000  00000002  RWIX
  INT05                 0000ff9a   00000002  00000000  00000002  RWIX
  INT06                 0000ff9c   00000002  00000000  00000002  RWIX
  INT07                 0000ff9e   00000002  00000000  00000002  RWIX
  INT08                 0000ffa0   00000002  00000000  00000002  RWIX
  INT09                 0000ffa2   00000002  00000000  00000002  RWIX
  INT10                 0000ffa4   00000002  00000000  00000002  RWIX
  INT11                 0000ffa6   00000002  00000000  00000002  RWIX
  INT12                 0000ffa8   00000002  00000000  00000002  RWIX
  INT13                 0000ffaa   00000002  00000000  00000002  RWIX
  INT14                 0000ffac   00000002  00000000  00000002  RWIX
  INT15                 0000ffae   00000002  00000000  00000002  RWIX
  INT16                 0000ffb0   00000002  00000000  00000002  RWIX
  INT17                 0000ffb2   00000002  00000000  00000002  RWIX
  INT18                 0000ffb4   00000002  00000000  00000002  RWIX
  INT19                 0000ffb6   00000002  00000000  00000002  RWIX
  INT20                 0000ffb8   00000002  00000000  00000002  RWIX
  INT21                 0000ffba   00000002  00000000  00000002  RWIX
  INT22                 0000ffbc   00000002  00000000  00000002  RWIX
  INT23                 0000ffbe   00000002  00000000  00000002  RWIX
  INT24                 0000ffc0   00000002  00000000  00000002  RWIX
  INT25                 0000ffc2   00000002  00000000  00000002  RWIX
  INT26                 0000ffc4   00000002  00000000  00000002  RWIX
  INT27                 0000ffc6   00000002  00000000  00000002  RWIX
  INT28                 0000ffc8   00000002  00000000  00000002  RWIX
  INT29                 0000ffca   00000002  00000000  00000002  RWIX
  INT30                 0000ffcc   00000002  00000000  00000002  RWIX
  INT31                 0000ffce   00000002  00000002  00000000  RWIX
  INT32                 0000ffd0   00000002  00000002  00000000  RWIX
  INT33                 0000ffd2   00000002  00000002  00000000  RWIX
  INT34                 0000ffd4   00000002  00000002  00000000  RWIX
  INT35                 0000ffd6   00000002  00000002  00000000  RWIX
  INT36                 0000ffd8   00000002  00000002  00000000  RWIX
  INT37                 0000ffda   00000002  00000002  00000000  RWIX
  INT38                 0000ffdc   00000002  00000002  00000000  RWIX
  INT39                 0000ffde   00000002  00000002  00000000  RWIX
  INT40                 0000ffe0   00000002  00000002  00000000  RWIX
  INT41                 0000ffe2   00000002  00000002  00000000  RWIX
  INT42                 0000ffe4   00000002  00000002  00000000  RWIX
  INT43                 0000ffe6   00000002  00000002  00000000  RWIX
  INT44                 0000ffe8   00000002  00000002  00000000  RWIX
  INT45                 0000ffea   00000002  00000002  00000000  RWIX
  INT46                 0000ffec   00000002  00000002  00000000  RWIX
  INT47                 0000ffee   00000002  00000002  00000000  RWIX
  INT48                 0000fff0   00000002  00000002  00000000  RWIX
  INT49                 0000fff2   00000002  00000002  00000000  RWIX
  INT50                 0000fff4   00000002  00000002  00000000  RWIX
  INT51                 0000fff6   00000002  00000002  00000000  RWIX
  INT52                 0000fff8   00000002  00000002  00000000  RWIX
  INT53                 0000fffa   00000002  00000002  00000000  RWIX
  INT54                 0000fffc   00000002  00000002  00000000  RWIX
  RESET                 0000fffe   00000002  00000002  00000000  RWIX


SECTION ALLOCATION MAP

 output                                  attributes/
section   page    origin      length       input sections
--------  ----  ----------  ----------   ----------------
.bss       0    00001c00    0000030a     UNINITIALIZED
                  00001c00    00000100     (.common:MyFFT_ResultI)
                  00001d00    00000100     (.common:MyFFT_ResultR)
                  00001e00    00000100     (.common:MyFFT_TestBuffer)
                  00001f00    00000004     (.common:j)
                  00001f04    00000002     (.common:MyFFT_input_buffer_end)
                  00001f06    00000002     (.common:MyFFT_input_buffer_start)
                  00001f08    00000002     (.common:i)

.data      0    00001f0a    00000030     UNINITIALIZED
                  00001f0a    00000026     hibernation.obj (.data)
                  00001f30    0000000a     main.obj (.data)

.stack     0    00001f60    000000a0     UNINITIALIZED
                  00001f60    00000002     rts430x_lc_sd_eabi.lib : boot.obj (.stack)
                  00001f62    0000009e     --HOLE--

.fram_vars 
*          0    0000c200    0000003e     
                  0000c200    00000020     hibernation.obj (.fram_vars:uninit) [fill = 0]
                  0000c220    0000001e     hibernation.obj (.fram_vars:init)

.cio       0    0000c800    00000000     UNINITIALIZED

.sysmem    0    0000c800    00000000     UNINITIALIZED

.cinit     0    0000c800    0000003a     
                  0000c800    00000015     (.cinit..data.load) [load image, compression = rle]
                  0000c815    00000001     --HOLE-- [fill = 0]
                  0000c816    0000000b     (.cinit..bss.load) [load image, compression = rle]
                  0000c821    00000001     --HOLE-- [fill = 0]
                  0000c822    00000008     (__TI_handler_table)
                  0000c82a    00000010     (__TI_cinit_table)

.pinit     0    0000c83a    00000000     UNINITIALIZED

.init_array 
*          0    0000c83a    00000000     UNINITIALIZED

.mspabi.exidx 
*          0    0000c83a    00000000     UNINITIALIZED

.mspabi.extab 
*          0    0000c83a    00000000     UNINITIALIZED

.const     0    0000c83a    00000680     
                  0000c83a    00000200     hibernation.obj (.const:vol)
                  0000ca3a    00000100     MyFFT_TestHarness.obj (.const:MyFFT_SampledR)
                  0000cb3a    00000100     MyFFT_TestHarness.obj (.const:MyFFT_TransformedI)
                  0000cc3a    00000100     MyFFT_TestHarness.obj (.const:MyFFT_TransformedR)
                  0000cd3a    00000080     MyFFT_Tables.obj (.const:MyFFT_twi)
                  0000cdba    00000080     MyFFT_Tables.obj (.const:MyFFT_twr)
                  0000ce3a    00000080     MyFFT_Tables.obj (.const:MyFFT_win)

.text      0    0000d000    00001450     
                  0000d000    00000228     hibernation.obj (.text:Restore)
                  0000d228    00000202     hibernation.obj (.text:CheckPoint)
                  0000d42a    00000202     hibernation.obj (.text:SystemInit)
                  0000d62c    0000018e     hibernation.obj (.text:Calibration)
                  0000d7ba    00000184     hibernation.obj (.text:_isr:Port_2)
                  0000d93e    0000011a     MyFFT.obj (.text:MyFFT_Transform)
                  0000da58    00000102     hibernation.obj (.text:Test)
                  0000db5a    000000d6     rts430x_lc_sd_eabi.lib : copy_decompress_rle.obj (.text:__TI_decompress_rle_core)
                  0000dc30    000000b2                            : cpy_tbl.obj (.text:copy_in)
                  0000dce2    000000ae     hibernation.obj (.text:Set_V)
                  0000dd90    000000aa     main.obj (.text:main)
                  0000de3a    00000096     rts430x_lc_sd_eabi.lib : autoinit_wdt.obj (.text:_auto_init_hold_wdt)
                  0000ded0    00000092     hibernation.obj (.text:Vmonitor)
                  0000df62    00000086     hibernation.obj (.text:Vmonitor_2)
                  0000dfe8    00000084     MyFFT.obj (.text:MyFFT_Window)
                  0000e06c    0000006a     MyFFT.obj (.text:MyFFT_Reorder)
                  0000e0d6    0000005a     hibernation.obj (.text:GPIO_configuration)
                  0000e130    00000058     rts430x_lc_sd_eabi.lib : div32u.obj (.text)
                  0000e188    00000040                            : cpy_util.obj (.text:__memcpy_far)
                  0000e1c8    00000040                            : div32s.obj (.text)
                  0000e208    0000003e                            : asr32.obj (.text:l_asr_const)
                  0000e246    0000003c                            : copy_decompress_none.obj (.text:decompress:none:__TI_decompress_none)
                  0000e282    00000030     MyFFT.obj (.text:MyFFT_Sample)
                  0000e2b2    0000002a     MyFFT_TestHarness.obj (.text:MyFFT_TestHarnessCompareComplex)
                  0000e2dc    00000026     hibernation.obj (.text:test)
                  0000e302    00000024     rts430x_lc_sd_eabi.lib : mult32_f5hw.obj (.text)
                  0000e326    00000022     hibernation.obj (.text:Clock_configuration)
                  0000e348    0000001c     rts430x_lc_sd_eabi.lib : mult1632_f5hw.obj (.text:__mpysl)
                  0000e364    0000001c     hibernation.obj (.text:_isr:Timer1_A0_ISR)
                  0000e380    0000001a     rts430x_lc_sd_eabi.lib : boot_special.obj (.text:_isr:_c_int00_noargs_noexit)
                  0000e39a    00000018                            : mult16_f5hw.obj (.text)
                  0000e3b2    00000014     hibernation.obj (.text:StartDebounceTimer_2)
                  0000e3c6    00000012     MyFFT.obj (.text:MyFFT_CalculateDft)
                  0000e3d8    00000012     MyFFT.obj (.text:MyFFT_Init)
                  0000e3ea    00000012     hibernation.obj (.text:P2HI)
                  0000e3fc    00000012     hibernation.obj (.text:P2LO)
                  0000e40e    00000012     rts430x_lc_sd_eabi.lib : memcpy.obj (.text:memcpy)
                  0000e420    0000000e     MyFFT_TestHarness.obj (.text:MyFFT_TestHarnessCompareTransformed)
                  0000e42e    0000000e     rts430x_lc_sd_eabi.lib : copy_decompress_rle.obj (.text:decompress:rle24:__TI_decompress_rle24)
                  0000e43c    00000008                            : isr_trap.obj (.text:_isr:__TI_ISR_TRAP)
                  0000e444    00000006                            : exit.obj (.text:abort)
                  0000e44a    00000004                            : pre_init.obj (.text:_system_pre_init)
                  0000e44e    00000002                            : startup.obj (.text:_system_post_cinit)

RTC        0    0000ffce    00000002     
                  0000ffce    00000002     rts430x_lc_sd_eabi.lib : int31.obj (.int31)

PORT4      0    0000ffd0    00000002     
                  0000ffd0    00000002     rts430x_lc_sd_eabi.lib : int32.obj (.int32)

PORT3      0    0000ffd2    00000002     
                  0000ffd2    00000002     rts430x_lc_sd_eabi.lib : int33.obj (.int33)

TIMER2_B1 
*          0    0000ffd4    00000002     
                  0000ffd4    00000002     rts430x_lc_sd_eabi.lib : int34.obj (.int34)

TIMER2_B0 
*          0    0000ffd6    00000002     
                  0000ffd6    00000002     rts430x_lc_sd_eabi.lib : int35.obj (.int35)

PORT2      0    0000ffd8    00000002     
                  0000ffd8    00000002     hibernation.obj (.int36)

TIMER1_B1 
*          0    0000ffda    00000002     
                  0000ffda    00000002     rts430x_lc_sd_eabi.lib : int37.obj (.int37)

TIMER1_B0 
*          0    0000ffdc    00000002     
                  0000ffdc    00000002     rts430x_lc_sd_eabi.lib : int38.obj (.int38)

PORT1      0    0000ffde    00000002     
                  0000ffde    00000002     rts430x_lc_sd_eabi.lib : int39.obj (.int39)

TIMER1_A1 
*          0    0000ffe0    00000002     
                  0000ffe0    00000002     rts430x_lc_sd_eabi.lib : int40.obj (.int40)

TIMER1_A0 
*          0    0000ffe2    00000002     
                  0000ffe2    00000002     hibernation.obj (.int41)

DMA        0    0000ffe4    00000002     
                  0000ffe4    00000002     rts430x_lc_sd_eabi.lib : int42.obj (.int42)

USCI_A1    0    0000ffe6    00000002     
                  0000ffe6    00000002     rts430x_lc_sd_eabi.lib : int43.obj (.int43)

TIMER0_A1 
*          0    0000ffe8    00000002     
                  0000ffe8    00000002     rts430x_lc_sd_eabi.lib : int44.obj (.int44)

TIMER0_A0 
*          0    0000ffea    00000002     
                  0000ffea    00000002     rts430x_lc_sd_eabi.lib : int45.obj (.int45)

ADC10      0    0000ffec    00000002     
                  0000ffec    00000002     rts430x_lc_sd_eabi.lib : int46.obj (.int46)

USCI_B0    0    0000ffee    00000002     
                  0000ffee    00000002     rts430x_lc_sd_eabi.lib : int47.obj (.int47)

USCI_A0    0    0000fff0    00000002     
                  0000fff0    00000002     rts430x_lc_sd_eabi.lib : int48.obj (.int48)

WDT        0    0000fff2    00000002     
                  0000fff2    00000002     rts430x_lc_sd_eabi.lib : int49.obj (.int49)

TIMER0_B1 
*          0    0000fff4    00000002     
                  0000fff4    00000002     rts430x_lc_sd_eabi.lib : int50.obj (.int50)

TIMER0_B0 
*          0    0000fff6    00000002     
                  0000fff6    00000002     rts430x_lc_sd_eabi.lib : int51.obj (.int51)

COMP_D     0    0000fff8    00000002     
                  0000fff8    00000002     rts430x_lc_sd_eabi.lib : int52.obj (.int52)

UNMI       0    0000fffa    00000002     
                  0000fffa    00000002     rts430x_lc_sd_eabi.lib : int53.obj (.int53)

SYSNMI     0    0000fffc    00000002     
                  0000fffc    00000002     rts430x_lc_sd_eabi.lib : int54.obj (.int54)

.reset     0    0000fffe    00000002     
                  0000fffe    00000002     rts430x_lc_sd_eabi.lib : boot.obj (.reset)

MODULE SUMMARY

       Module                     code   ro data   rw data
       ------                     ----   -------   -------
    .\
       hibernation.obj            3324   516       102    
       MyFFT.obj                  604    0         516    
       MyFFT_TestHarness.obj      56     768       0      
       main.obj                   170    0         270    
       MyFFT_Tables.obj           0      384       0      
    +--+--------------------------+------+---------+---------+
       Total:                     4154   1668      888    
                                                          
    C:\ti\ccsv6\tools\compiler\msp430_15.12.3.LTS\lib\rts430x_lc_sd_eabi.lib
       copy_decompress_rle.obj    228    0         0      
       cpy_tbl.obj                178    0         0      
       autoinit_wdt.obj           150    0         0      
       div32u.obj                 88     0         0      
       cpy_util.obj               64     0         0      
       div32s.obj                 64     0         0      
       asr32.obj                  62     0         0      
       copy_decompress_none.obj   60     0         0      
       mult32_f5hw.obj            36     0         0      
       mult1632_f5hw.obj          28     0         0      
       boot_special.obj           26     0         0      
       mult16_f5hw.obj            24     0         0      
       memcpy.obj                 18     0         0      
       isr_trap.obj               8      0         0      
       exit.obj                   6      0         0      
       pre_init.obj               4      0         0      
       boot.obj                   0      2         0      
       int31.obj                  0      2         0      
       int32.obj                  0      2         0      
       int33.obj                  0      2         0      
       int34.obj                  0      2         0      
       int35.obj                  0      2         0      
       int37.obj                  0      2         0      
       int38.obj                  0      2         0      
       int39.obj                  0      2         0      
       int40.obj                  0      2         0      
       int42.obj                  0      2         0      
       int43.obj                  0      2         0      
       int44.obj                  0      2         0      
       int45.obj                  0      2         0      
       int46.obj                  0      2         0      
       int47.obj                  0      2         0      
       int48.obj                  0      2         0      
       int49.obj                  0      2         0      
       int50.obj                  0      2         0      
       int51.obj                  0      2         0      
       int52.obj                  0      2         0      
       int53.obj                  0      2         0      
       int54.obj                  0      2         0      
       startup.obj                2      0         0      
    +--+--------------------------+------+---------+---------+
       Total:                     1046   46        0      
                                                          
       Stack:                     0      0         160    
       Linker Generated:          0      56        0      
    +--+--------------------------+------+---------+---------+
       Grand Total:               5200   1770      1048   


LINKER GENERATED COPY TABLES

__TI_cinit_table @ 0000c82a records: 2, size/record: 8, table size: 16
	.data: load addr=0000c800, load size=00000015 bytes, run addr=00001f0a, run size=00000030 bytes, compression=rle
	.bss: load addr=0000c816, load size=0000000b bytes, run addr=00001c00, run size=0000030a bytes, compression=rle


LINKER GENERATED HANDLER TABLE

__TI_handler_table @ 0000c822 records: 2, size/record: 4, table size: 8
	index: 0, handler: __TI_decompress_rle24
	index: 1, handler: __TI_decompress_none


GLOBAL SYMBOLS: SORTED ALPHABETICALLY BY Name 

address   name                               
-------   ----                               
00000700  ADC10CTL0                          
00000701  ADC10CTL0_H                        
00000700  ADC10CTL0_L                        
00000702  ADC10CTL1                          
00000703  ADC10CTL1_H                        
00000702  ADC10CTL1_L                        
00000704  ADC10CTL2                          
00000705  ADC10CTL2_H                        
00000704  ADC10CTL2_L                        
00000708  ADC10HI                            
00000709  ADC10HI_H                          
00000708  ADC10HI_L                          
0000071a  ADC10IE                            
0000071b  ADC10IE_H                          
0000071a  ADC10IE_L                          
0000071c  ADC10IFG                           
0000071d  ADC10IFG_H                         
0000071c  ADC10IFG_L                         
0000071e  ADC10IV                            
0000071f  ADC10IV_H                          
0000071e  ADC10IV_L                          
00000706  ADC10LO                            
00000707  ADC10LO_H                          
00000706  ADC10LO_L                          
0000070a  ADC10MCTL0                         
0000070b  ADC10MCTL0_H                       
0000070a  ADC10MCTL0_L                       
00000712  ADC10MEM0                          
00000713  ADC10MEM0_H                        
00000712  ADC10MEM0_L                        
00001f0a  ADCResult                          
000004be  BCD2BIN                            
000004bc  BIN2BCD                            
0000e444  C$$EXIT                            
0000c238  CC_Check                           
000008c0  CDCTL0                             
000008c1  CDCTL0_H                           
000008c0  CDCTL0_L                           
000008c2  CDCTL1                             
000008c3  CDCTL1_H                           
000008c2  CDCTL1_L                           
000008c4  CDCTL2                             
000008c5  CDCTL2_H                           
000008c4  CDCTL2_L                           
000008c6  CDCTL3                             
000008c7  CDCTL3_H                           
000008c6  CDCTL3_L                           
000008cc  CDINT                              
000008cd  CDINT_H                            
000008cc  CDINT_L                            
000008ce  CDIV                               
000008cf  CDIV_H                             
000008ce  CDIV_L                             
00000150  CRCDI                              
00000152  CRCDIRB                            
00000153  CRCDIRB_H                          
00000152  CRCDIRB_L                          
00000151  CRCDI_H                            
00000150  CRCDI_L                            
00000154  CRCINIRES                          
00000155  CRCINIRES_H                        
00000154  CRCINIRES_L                        
00000156  CRCRESR                            
00000157  CRCRESR_H                          
00000156  CRCRESR_L                          
00000160  CSCTL0                             
00000161  CSCTL0_H                           
00000160  CSCTL0_L                           
00000162  CSCTL1                             
00000163  CSCTL1_H                           
00000162  CSCTL1_L                           
00000164  CSCTL2                             
00000165  CSCTL2_H                           
00000164  CSCTL2_L                           
00000166  CSCTL3                             
00000167  CSCTL3_H                           
00000166  CSCTL3_L                           
00000168  CSCTL4                             
00000169  CSCTL4_H                           
00000168  CSCTL4_L                           
0000016a  CSCTL5                             
0000016b  CSCTL5_H                           
0000016a  CSCTL5_L                           
0000016c  CSCTL6                             
0000016d  CSCTL6_H                           
0000016c  CSCTL6_L                           
00001f0e  CalValue_1                         
00001f12  CalValue_2                         
00001f16  CalValue_3                         
00001f1a  CalValue_4                         
0000d62c  Calibration                        
0000d228  CheckPoint                         
0000e326  Clock_configuration                
0000c232  Counter                            
0000c234  Counter_2                          
00001f26  Counter_3                          
00000510  DMA0CTL                            
00000511  DMA0CTL_H                          
00000510  DMA0CTL_L                          
00000516  DMA0DA                             
00000518  DMA0DAH                            
00000516  DMA0DAL                            
00000512  DMA0SA                             
00000514  DMA0SAH                            
00000512  DMA0SAL                            
0000051a  DMA0SZ                             
00000520  DMA1CTL                            
00000521  DMA1CTL_H                          
00000520  DMA1CTL_L                          
00000526  DMA1DA                             
00000528  DMA1DAH                            
00000526  DMA1DAL                            
00000522  DMA1SA                             
00000524  DMA1SAH                            
00000522  DMA1SAL                            
0000052a  DMA1SZ                             
00000530  DMA2CTL                            
00000531  DMA2CTL_H                          
00000530  DMA2CTL_L                          
00000536  DMA2DA                             
00000538  DMA2DAH                            
00000536  DMA2DAL                            
00000532  DMA2SA                             
00000534  DMA2SAH                            
00000532  DMA2SAL                            
0000053a  DMA2SZ                             
00000500  DMACTL0                            
00000501  DMACTL0_H                          
00000500  DMACTL0_L                          
00000502  DMACTL1                            
00000503  DMACTL1_H                          
00000502  DMACTL1_L                          
00000504  DMACTL2                            
00000505  DMACTL2_H                          
00000504  DMACTL2_L                          
00000506  DMACTL3                            
00000507  DMACTL3_H                          
00000506  DMACTL3_L                          
00000508  DMACTL4                            
00000509  DMACTL4_H                          
00000508  DMACTL4_L                          
0000050e  DMAIV                              
0000050f  DMAIV_H                            
0000050e  DMAIV_L                            
0000c224  FLAG_V_monitor                     
0000c226  FLAG_V_monitor_2                   
0000c22a  FLAG_interrupt                     
0000c23a  FRAM_pc                            
0000c228  FRAM_read_ptr                      
0000c220  FRAM_write_ptr                     
00000140  FRCTL0                             
00000141  FRCTL0_H                           
00000140  FRCTL0_L                           
00000144  GCCTL0                             
00000145  GCCTL0_H                           
00000144  GCCTL0_L                           
00000146  GCCTL1                             
00000147  GCCTL1_H                           
00000146  GCCTL1_L                           
0000e0d6  GPIO_configuration                 
000004c4  MAC                                
000004da  MAC32H                             
000004db  MAC32H_H                           
000004da  MAC32H_L                           
000004d8  MAC32L                             
000004d9  MAC32L_H                           
000004d8  MAC32L_L                           
000004c6  MACS                               
000004de  MACS32H                            
000004df  MACS32H_H                          
000004de  MACS32H_L                          
000004dc  MACS32L                            
000004dd  MACS32L_H                          
000004dc  MACS32L_L                          
000004c7  MACS_H                             
000004c6  MACS_L                             
000004c5  MAC_H                              
000004c4  MAC_L                              
000005a0  MPUCTL0                            
000005a1  MPUCTL0_H                          
000005a0  MPUCTL0_L                          
000005a2  MPUCTL1                            
000005a3  MPUCTL1_H                          
000005a2  MPUCTL1_L                          
000005a6  MPUSAM                             
000005a7  MPUSAM_H                           
000005a6  MPUSAM_L                           
000005a4  MPUSEG                             
000005a5  MPUSEG_H                           
000005a4  MPUSEG_L                           
000004c0  MPY                                
000004ec  MPY32CTL0                          
000004ed  MPY32CTL0_H                        
000004ec  MPY32CTL0_L                        
000004d2  MPY32H                             
000004d3  MPY32H_H                           
000004d2  MPY32H_L                           
000004d0  MPY32L                             
000004d1  MPY32L_H                           
000004d0  MPY32L_L                           
000004c2  MPYS                               
000004d6  MPYS32H                            
000004d7  MPYS32H_H                          
000004d6  MPYS32H_L                          
000004d4  MPYS32L                            
000004d5  MPYS32L_H                          
000004d4  MPYS32L_L                          
000004c3  MPYS_H                             
000004c2  MPYS_L                             
000004c1  MPY_H                              
000004c0  MPY_L                              
0000c202  Memory_copy_ptr                    
00001f2c  ModeAddress                        
0000e3c6  MyFFT_CalculateDft                 
0000e3d8  MyFFT_Init                         
0000e06c  MyFFT_Reorder                      
00001c00  MyFFT_ResultI                      
00001d00  MyFFT_ResultR                      
0000e282  MyFFT_Sample                       
0000ca3a  MyFFT_SampledR                     
00001e00  MyFFT_TestBuffer                   
0000e2b2  MyFFT_TestHarnessCompareComplex    
0000e420  MyFFT_TestHarnessCompareTransformed
0000d93e  MyFFT_Transform                    
0000cb3a  MyFFT_TransformedI                 
0000cc3a  MyFFT_TransformedR                 
0000dfe8  MyFFT_Window                       
00001f04  MyFFT_input_buffer_end             
00001f06  MyFFT_input_buffer_start           
0000cd3a  MyFFT_twi                          
0000cdba  MyFFT_twr                          
0000ce3a  MyFFT_win                          
000004c8  OP2                                
000004e2  OP2H                               
000004e3  OP2H_H                             
000004e2  OP2H_L                             
000004e0  OP2L                               
000004e1  OP2L_H                             
000004e0  OP2L_L                             
000004c9  OP2_H                              
000004c8  OP2_L                              
0000020e  P1IV                               
0000e3ea  P2HI                               
0000021e  P2IV                               
0000e3fc  P2LO                               
0000022e  P3IV                               
0000023e  P4IV                               
00000204  PADIR                              
00000205  PADIR_H                            
00000204  PADIR_L                            
0000021a  PAIE                               
00000218  PAIES                              
00000219  PAIES_H                            
00000218  PAIES_L                            
0000021b  PAIE_H                             
0000021a  PAIE_L                             
0000021c  PAIFG                              
0000021d  PAIFG_H                            
0000021c  PAIFG_L                            
00000200  PAIN                               
00000201  PAIN_H                             
00000200  PAIN_L                             
00000202  PAOUT                              
00000203  PAOUT_H                            
00000202  PAOUT_L                            
00000206  PAREN                              
00000207  PAREN_H                            
00000206  PAREN_L                            
0000020a  PASEL0                             
0000020b  PASEL0_H                           
0000020a  PASEL0_L                           
0000020c  PASEL1                             
0000020d  PASEL1_H                           
0000020c  PASEL1_L                           
00000216  PASELC                             
00000217  PASELC_H                           
00000216  PASELC_L                           
00000224  PBDIR                              
00000225  PBDIR_H                            
00000224  PBDIR_L                            
0000023a  PBIE                               
00000238  PBIES                              
00000239  PBIES_H                            
00000238  PBIES_L                            
0000023b  PBIE_H                             
0000023a  PBIE_L                             
0000023c  PBIFG                              
0000023d  PBIFG_H                            
0000023c  PBIFG_L                            
00000220  PBIN                               
00000221  PBIN_H                             
00000220  PBIN_L                             
00000222  PBOUT                              
00000223  PBOUT_H                            
00000222  PBOUT_L                            
00000226  PBREN                              
00000227  PBREN_H                            
00000226  PBREN_L                            
0000022a  PBSEL0                             
0000022b  PBSEL0_H                           
0000022a  PBSEL0_L                           
0000022c  PBSEL1                             
0000022d  PBSEL1_H                           
0000022c  PBSEL1_L                           
00000236  PBSELC                             
00000237  PBSELC_H                           
00000236  PBSELC_L                           
0000c206  PC_values                          
00000324  PJDIR                              
00000325  PJDIR_H                            
00000324  PJDIR_L                            
00000320  PJIN                               
00000321  PJIN_H                             
00000320  PJIN_L                             
00000322  PJOUT                              
00000323  PJOUT_H                            
00000322  PJOUT_L                            
00000326  PJREN                              
00000327  PJREN_H                            
00000326  PJREN_L                            
0000032a  PJSEL0                             
0000032b  PJSEL0_H                           
0000032a  PJSEL0_L                           
0000032c  PJSEL1                             
0000032d  PJSEL1_H                           
0000032c  PJSEL1_L                           
00000336  PJSELC                             
00000337  PJSELC_H                           
00000336  PJSELC_L                           
00000130  PM5CTL0                            
00000131  PM5CTL0_H                          
00000130  PM5CTL0_L                          
00000120  PMMCTL0                            
00000121  PMMCTL0_H                          
00000120  PMMCTL0_L                          
0000012a  PMMIFG                             
0000012b  PMMIFG_H                           
0000012a  PMMIFG_L                           
0000d7ba  Port_2                             
0000c222  RAM_copy_ptr                       
000001b0  REFCTL0                            
000001b1  REFCTL0_H                          
000001b0  REFCTL0_L                          
000004e4  RES0                               
000004e5  RES0_H                             
000004e4  RES0_L                             
000004e6  RES1                               
000004e7  RES1_H                             
000004e6  RES1_L                             
000004e8  RES2                               
000004e9  RES2_H                             
000004e8  RES2_L                             
000004ea  RES3                               
000004eb  RES3_H                             
000004ea  RES3_L                             
000004cc  RESHI                              
000004cd  RESHI_H                            
000004cc  RESHI_L                            
000004ca  RESLO                              
000004cb  RESLO_H                            
000004ca  RESLO_L                            
000004ba  RTCADOWDAY                         
000004bb  RTCADOWDAY_H                       
000004ba  RTCADOWDAY_L                       
000004b8  RTCAMINHR                          
000004b9  RTCAMINHR_H                        
000004b8  RTCAMINHR_L                        
000004a0  RTCCTL01                           
000004a1  RTCCTL01_H                         
000004a0  RTCCTL01_L                         
000004a2  RTCCTL23                           
000004a3  RTCCTL23_H                         
000004a2  RTCCTL23_L                         
000004b4  RTCDATE                            
000004b5  RTCDATE_H                          
000004b4  RTCDATE_L                          
000004ae  RTCIV                              
000004ac  RTCPS                              
000004a8  RTCPS0CTL                          
000004a9  RTCPS0CTL_H                        
000004a8  RTCPS0CTL_L                        
000004aa  RTCPS1CTL                          
000004ab  RTCPS1CTL_H                        
000004aa  RTCPS1CTL_L                        
000004ad  RTCPS_H                            
000004ac  RTCPS_L                            
000004b0  RTCTIM0                            
000004b1  RTCTIM0_H                          
000004b0  RTCTIM0_L                          
000004b2  RTCTIM1                            
000004b3  RTCTIM1_H                          
000004b2  RTCTIM1_L                          
000004b6  RTCYEAR                            
000004b7  RTCYEAR_H                          
000004b6  RTCYEAR_L                          
0000d000  Restore                            
00000100  SFRIE1                             
00000101  SFRIE1_H                           
00000100  SFRIE1_L                           
00000102  SFRIFG1                            
00000103  SFRIFG1_H                          
00000102  SFRIFG1_L                          
00000104  SFRRPCR                            
00000105  SFRRPCR_H                          
00000104  SFRRPCR_L                          
000004ce  SUMEXT                             
000004cf  SUMEXT_H                           
000004ce  SUMEXT_L                           
00000198  SYSBERRIV                          
00000199  SYSBERRIV_H                        
00000198  SYSBERRIV_L                        
00000182  SYSBSLC                            
00000183  SYSBSLC_H                          
00000182  SYSBSLC_L                          
00000180  SYSCTL                             
00000181  SYSCTL_H                           
00000180  SYSCTL_L                           
00000186  SYSJMBC                            
00000187  SYSJMBC_H                          
00000186  SYSJMBC_L                          
00000188  SYSJMBI0                           
00000189  SYSJMBI0_H                         
00000188  SYSJMBI0_L                         
0000018a  SYSJMBI1                           
0000018b  SYSJMBI1_H                         
0000018a  SYSJMBI1_L                         
0000018c  SYSJMBO0                           
0000018d  SYSJMBO0_H                         
0000018c  SYSJMBO0_L                         
0000018e  SYSJMBO1                           
0000018f  SYSJMBO1_H                         
0000018e  SYSJMBO1_L                         
0000019e  SYSRSTIV                           
0000019f  SYSRSTIV_H                         
0000019e  SYSRSTIV_L                         
0000019c  SYSSNIV                            
0000019d  SYSSNIV_H                          
0000019c  SYSSNIV_L                          
0000019a  SYSUNIV                            
0000019b  SYSUNIV_H                          
0000019a  SYSUNIV_L                          
0000dce2  Set_V                              
00001f2e  StartAddress                       
0000e3b2  StartDebounceTimer_2               
0000d42a  SystemInit                         
00000352  TA0CCR0                            
00000354  TA0CCR1                            
00000356  TA0CCR2                            
00000342  TA0CCTL0                           
00000344  TA0CCTL1                           
00000346  TA0CCTL2                           
00000340  TA0CTL                             
00000360  TA0EX0                             
0000036e  TA0IV                              
00000350  TA0R                               
00000392  TA1CCR0                            
00000394  TA1CCR1                            
00000396  TA1CCR2                            
00000382  TA1CCTL0                           
00000384  TA1CCTL1                           
00000386  TA1CCTL2                           
00000380  TA1CTL                             
000003a0  TA1EX0                             
000003ae  TA1IV                              
00000390  TA1R                               
000003d2  TB0CCR0                            
000003d4  TB0CCR1                            
000003d6  TB0CCR2                            
000003c2  TB0CCTL0                           
000003c4  TB0CCTL1                           
000003c6  TB0CCTL2                           
000003c0  TB0CTL                             
000003e0  TB0EX0                             
000003ee  TB0IV                              
000003d0  TB0R                               
00000412  TB1CCR0                            
00000414  TB1CCR1                            
00000416  TB1CCR2                            
00000402  TB1CCTL0                           
00000404  TB1CCTL1                           
00000406  TB1CCTL2                           
00000400  TB1CTL                             
00000420  TB1EX0                             
0000042e  TB1IV                              
00000410  TB1R                               
00000452  TB2CCR0                            
00000454  TB2CCR1                            
00000456  TB2CCR2                            
00000442  TB2CCTL0                           
00000444  TB2CCTL1                           
00000446  TB2CCTL2                           
00000440  TB2CTL                             
00000460  TB2EX0                             
0000046e  TB2IV                              
00000450  TB2R                               
0000da58  Test                               
0000e364  Timer1_A0_ISR                      
000005d0  UCA0ABCTL                          
000005c6  UCA0BRW                            
000005c7  UCA0BRW_H                          
000005c6  UCA0BRW_L                          
000005c0  UCA0CTLW0                          
000005c1  UCA0CTLW0_H                        
000005c0  UCA0CTLW0_L                        
000005c2  UCA0CTLW1                          
000005c3  UCA0CTLW1_H                        
000005c2  UCA0CTLW1_L                        
000005da  UCA0IE                             
000005db  UCA0IE_H                           
000005da  UCA0IE_L                           
000005dc  UCA0IFG                            
000005dd  UCA0IFG_H                          
000005dc  UCA0IFG_L                          
000005d2  UCA0IRCTL                          
000005d3  UCA0IRCTL_H                        
000005d2  UCA0IRCTL_L                        
000005de  UCA0IV                             
000005c8  UCA0MCTLW                          
000005c9  UCA0MCTLW_H                        
000005c8  UCA0MCTLW_L                        
000005cc  UCA0RXBUF                          
000005cd  UCA0RXBUF_H                        
000005cc  UCA0RXBUF_L                        
000005ca  UCA0STATW                          
000005ce  UCA0TXBUF                          
000005cf  UCA0TXBUF_H                        
000005ce  UCA0TXBUF_L                        
000005f0  UCA1ABCTL                          
000005e6  UCA1BRW                            
000005e7  UCA1BRW_H                          
000005e6  UCA1BRW_L                          
000005e0  UCA1CTLW0                          
000005e1  UCA1CTLW0_H                        
000005e0  UCA1CTLW0_L                        
000005e2  UCA1CTLW1                          
000005e3  UCA1CTLW1_H                        
000005e2  UCA1CTLW1_L                        
000005fa  UCA1IE                             
000005fb  UCA1IE_H                           
000005fa  UCA1IE_L                           
000005fc  UCA1IFG                            
000005fd  UCA1IFG_H                          
000005fc  UCA1IFG_L                          
000005f2  UCA1IRCTL                          
000005f3  UCA1IRCTL_H                        
000005f2  UCA1IRCTL_L                        
000005fe  UCA1IV                             
000005e8  UCA1MCTLW                          
000005e9  UCA1MCTLW_H                        
000005e8  UCA1MCTLW_L                        
000005ec  UCA1RXBUF                          
000005ed  UCA1RXBUF_H                        
000005ec  UCA1RXBUF_L                        
000005ea  UCA1STATW                          
000005ee  UCA1TXBUF                          
000005ef  UCA1TXBUF_H                        
000005ee  UCA1TXBUF_L                        
0000065e  UCB0ADDMASK                        
0000065f  UCB0ADDMASK_H                      
0000065e  UCB0ADDMASK_L                      
0000065c  UCB0ADDRX                          
0000065d  UCB0ADDRX_H                        
0000065c  UCB0ADDRX_L                        
00000646  UCB0BRW                            
00000647  UCB0BRW_H                          
00000646  UCB0BRW_L                          
00000640  UCB0CTLW0                          
00000641  UCB0CTLW0_H                        
00000640  UCB0CTLW0_L                        
00000642  UCB0CTLW1                          
00000643  UCB0CTLW1_H                        
00000642  UCB0CTLW1_L                        
00000654  UCB0I2COA0                         
00000655  UCB0I2COA0_H                       
00000654  UCB0I2COA0_L                       
00000656  UCB0I2COA1                         
00000657  UCB0I2COA1_H                       
00000656  UCB0I2COA1_L                       
00000658  UCB0I2COA2                         
00000659  UCB0I2COA2_H                       
00000658  UCB0I2COA2_L                       
0000065a  UCB0I2COA3                         
0000065b  UCB0I2COA3_H                       
0000065a  UCB0I2COA3_L                       
00000660  UCB0I2CSA                          
00000661  UCB0I2CSA_H                        
00000660  UCB0I2CSA_L                        
0000066a  UCB0IE                             
0000066b  UCB0IE_H                           
0000066a  UCB0IE_L                           
0000066c  UCB0IFG                            
0000066d  UCB0IFG_H                          
0000066c  UCB0IFG_L                          
0000066e  UCB0IV                             
0000064c  UCB0RXBUF                          
0000064d  UCB0RXBUF_H                        
0000064c  UCB0RXBUF_L                        
00000648  UCB0STATW                          
00000649  UCB0STATW_H                        
00000648  UCB0STATW_L                        
0000064a  UCB0TBCNT                          
0000064b  UCB0TBCNT_H                        
0000064a  UCB0TBCNT_L                        
0000064e  UCB0TXBUF                          
0000064f  UCB0TXBUF_H                        
0000064e  UCB0TXBUF_L                        
0000c236  VH_Calibr                          
0000c22c  V_monitor                          
0000c22e  V_monitor_2                        
0000c230  V_monitor_3                        
00001f1e  Vmax                               
00001f22  Vmon                               
0000ded0  Vmonitor                           
0000df62  Vmonitor_2                         
0000015c  WDTCTL                             
0000015d  WDTCTL_H                           
0000015c  WDTCTL_L                           
00002000  __STACK_END                        
000000a0  __STACK_SIZE                       
UNDEFED   __TI_BINIT_Base                    
UNDEFED   __TI_BINIT_Limit                   
0000c82a  __TI_CINIT_Base                    
0000c83a  __TI_CINIT_Limit                   
0000c822  __TI_Handler_Table_Base            
0000c82a  __TI_Handler_Table_Limit           
UNDEFED   __TI_INITARRAY_Base                
UNDEFED   __TI_INITARRAY_Limit               
0000e43c  __TI_ISR_TRAP                      
0000e246  __TI_decompress_none               
0000e42e  __TI_decompress_rle24              
0000ffce  __TI_int31                         
0000ffd0  __TI_int32                         
0000ffd2  __TI_int33                         
0000ffd4  __TI_int34                         
0000ffd6  __TI_int35                         
0000ffd8  __TI_int36                         
0000ffda  __TI_int37                         
0000ffdc  __TI_int38                         
0000ffde  __TI_int39                         
0000ffe0  __TI_int40                         
0000ffe2  __TI_int41                         
0000ffe4  __TI_int42                         
0000ffe6  __TI_int43                         
0000ffe8  __TI_int44                         
0000ffea  __TI_int45                         
0000ffec  __TI_int46                         
0000ffee  __TI_int47                         
0000fff0  __TI_int48                         
0000fff2  __TI_int49                         
0000fff4  __TI_int50                         
0000fff6  __TI_int51                         
0000fff8  __TI_int52                         
0000fffa  __TI_int53                         
0000fffc  __TI_int54                         
ffffffff  __TI_pprof_out_hndl                
ffffffff  __TI_prof_data_size                
ffffffff  __TI_prof_data_start               
ffffffff  __c_args__                         
0000e188  __memcpy_far                       
0000e1c8  __mspabi_divli                     
0000e130  __mspabi_divul                     
0000e39a  __mspabi_mpyi_f5hw                 
0000e302  __mspabi_mpyl_f5hw                 
0000e348  __mspabi_mpysl_f5hw                
0000e1c8  __mspabi_remli                     
0000e130  __mspabi_remul                     
0000e240  __mspabi_sral_1                    
0000e21c  __mspabi_sral_10                   
0000e218  __mspabi_sral_11                   
0000e214  __mspabi_sral_12                   
0000e210  __mspabi_sral_13                   
0000e20c  __mspabi_sral_14                   
0000e208  __mspabi_sral_15                   
0000e23c  __mspabi_sral_2                    
0000e238  __mspabi_sral_3                    
0000e234  __mspabi_sral_4                    
0000e230  __mspabi_sral_5                    
0000e22c  __mspabi_sral_6                    
0000e228  __mspabi_sral_7                    
0000e224  __mspabi_sral_8                    
0000e220  __mspabi_sral_9                    
0000de3a  _auto_init_hold_wdt                
0000e380  _c_int00_noargs_noexit             
0000fffe  _reset_vector                      
00001f60  _stack                             
0000e44e  _system_post_cinit                 
0000e44a  _system_pre_init                   
0000e444  abort                              
0000c21a  c                                  
0000c23c  cal                                
0000dc30  copy_in                            
00001f30  count                              
0000c210  counter_check                      
0000c204  current_SP                         
0000c20a  data                               
0000c21c  deltaV                             
0000c800  fram_ro_start                      
0000c800  fram_rw_start                      
0000d000  fram_rx_start                      
00001f34  g                                  
00001f2a  h                                  
00001f08  i                                  
00001f00  j                                  
00001f32  l                                  
0000dd90  main                               
0000e40e  memcpy                             
0000c214  pro                                
0000c212  prova                              
0000c216  saved                              
0000c218  set                                
0000c200  t                                  
0000c20e  temp                               
0000e2dc  test                               
0000c83a  vol                                


GLOBAL SYMBOLS: SORTED BY Symbol Address 

address   name                               
-------   ----                               
000000a0  __STACK_SIZE                       
00000100  SFRIE1                             
00000100  SFRIE1_L                           
00000101  SFRIE1_H                           
00000102  SFRIFG1                            
00000102  SFRIFG1_L                          
00000103  SFRIFG1_H                          
00000104  SFRRPCR                            
00000104  SFRRPCR_L                          
00000105  SFRRPCR_H                          
00000120  PMMCTL0                            
00000120  PMMCTL0_L                          
00000121  PMMCTL0_H                          
0000012a  PMMIFG                             
0000012a  PMMIFG_L                           
0000012b  PMMIFG_H                           
00000130  PM5CTL0                            
00000130  PM5CTL0_L                          
00000131  PM5CTL0_H                          
00000140  FRCTL0                             
00000140  FRCTL0_L                           
00000141  FRCTL0_H                           
00000144  GCCTL0                             
00000144  GCCTL0_L                           
00000145  GCCTL0_H                           
00000146  GCCTL1                             
00000146  GCCTL1_L                           
00000147  GCCTL1_H                           
00000150  CRCDI                              
00000150  CRCDI_L                            
00000151  CRCDI_H                            
00000152  CRCDIRB                            
00000152  CRCDIRB_L                          
00000153  CRCDIRB_H                          
00000154  CRCINIRES                          
00000154  CRCINIRES_L                        
00000155  CRCINIRES_H                        
00000156  CRCRESR                            
00000156  CRCRESR_L                          
00000157  CRCRESR_H                          
0000015c  WDTCTL                             
0000015c  WDTCTL_L                           
0000015d  WDTCTL_H                           
00000160  CSCTL0                             
00000160  CSCTL0_L                           
00000161  CSCTL0_H                           
00000162  CSCTL1                             
00000162  CSCTL1_L                           
00000163  CSCTL1_H                           
00000164  CSCTL2                             
00000164  CSCTL2_L                           
00000165  CSCTL2_H                           
00000166  CSCTL3                             
00000166  CSCTL3_L                           
00000167  CSCTL3_H                           
00000168  CSCTL4                             
00000168  CSCTL4_L                           
00000169  CSCTL4_H                           
0000016a  CSCTL5                             
0000016a  CSCTL5_L                           
0000016b  CSCTL5_H                           
0000016c  CSCTL6                             
0000016c  CSCTL6_L                           
0000016d  CSCTL6_H                           
00000180  SYSCTL                             
00000180  SYSCTL_L                           
00000181  SYSCTL_H                           
00000182  SYSBSLC                            
00000182  SYSBSLC_L                          
00000183  SYSBSLC_H                          
00000186  SYSJMBC                            
00000186  SYSJMBC_L                          
00000187  SYSJMBC_H                          
00000188  SYSJMBI0                           
00000188  SYSJMBI0_L                         
00000189  SYSJMBI0_H                         
0000018a  SYSJMBI1                           
0000018a  SYSJMBI1_L                         
0000018b  SYSJMBI1_H                         
0000018c  SYSJMBO0                           
0000018c  SYSJMBO0_L                         
0000018d  SYSJMBO0_H                         
0000018e  SYSJMBO1                           
0000018e  SYSJMBO1_L                         
0000018f  SYSJMBO1_H                         
00000198  SYSBERRIV                          
00000198  SYSBERRIV_L                        
00000199  SYSBERRIV_H                        
0000019a  SYSUNIV                            
0000019a  SYSUNIV_L                          
0000019b  SYSUNIV_H                          
0000019c  SYSSNIV                            
0000019c  SYSSNIV_L                          
0000019d  SYSSNIV_H                          
0000019e  SYSRSTIV                           
0000019e  SYSRSTIV_L                         
0000019f  SYSRSTIV_H                         
000001b0  REFCTL0                            
000001b0  REFCTL0_L                          
000001b1  REFCTL0_H                          
00000200  PAIN                               
00000200  PAIN_L                             
00000201  PAIN_H                             
00000202  PAOUT                              
00000202  PAOUT_L                            
00000203  PAOUT_H                            
00000204  PADIR                              
00000204  PADIR_L                            
00000205  PADIR_H                            
00000206  PAREN                              
00000206  PAREN_L                            
00000207  PAREN_H                            
0000020a  PASEL0                             
0000020a  PASEL0_L                           
0000020b  PASEL0_H                           
0000020c  PASEL1                             
0000020c  PASEL1_L                           
0000020d  PASEL1_H                           
0000020e  P1IV                               
00000216  PASELC                             
00000216  PASELC_L                           
00000217  PASELC_H                           
00000218  PAIES                              
00000218  PAIES_L                            
00000219  PAIES_H                            
0000021a  PAIE                               
0000021a  PAIE_L                             
0000021b  PAIE_H                             
0000021c  PAIFG                              
0000021c  PAIFG_L                            
0000021d  PAIFG_H                            
0000021e  P2IV                               
00000220  PBIN                               
00000220  PBIN_L                             
00000221  PBIN_H                             
00000222  PBOUT                              
00000222  PBOUT_L                            
00000223  PBOUT_H                            
00000224  PBDIR                              
00000224  PBDIR_L                            
00000225  PBDIR_H                            
00000226  PBREN                              
00000226  PBREN_L                            
00000227  PBREN_H                            
0000022a  PBSEL0                             
0000022a  PBSEL0_L                           
0000022b  PBSEL0_H                           
0000022c  PBSEL1                             
0000022c  PBSEL1_L                           
0000022d  PBSEL1_H                           
0000022e  P3IV                               
00000236  PBSELC                             
00000236  PBSELC_L                           
00000237  PBSELC_H                           
00000238  PBIES                              
00000238  PBIES_L                            
00000239  PBIES_H                            
0000023a  PBIE                               
0000023a  PBIE_L                             
0000023b  PBIE_H                             
0000023c  PBIFG                              
0000023c  PBIFG_L                            
0000023d  PBIFG_H                            
0000023e  P4IV                               
00000320  PJIN                               
00000320  PJIN_L                             
00000321  PJIN_H                             
00000322  PJOUT                              
00000322  PJOUT_L                            
00000323  PJOUT_H                            
00000324  PJDIR                              
00000324  PJDIR_L                            
00000325  PJDIR_H                            
00000326  PJREN                              
00000326  PJREN_L                            
00000327  PJREN_H                            
0000032a  PJSEL0                             
0000032a  PJSEL0_L                           
0000032b  PJSEL0_H                           
0000032c  PJSEL1                             
0000032c  PJSEL1_L                           
0000032d  PJSEL1_H                           
00000336  PJSELC                             
00000336  PJSELC_L                           
00000337  PJSELC_H                           
00000340  TA0CTL                             
00000342  TA0CCTL0                           
00000344  TA0CCTL1                           
00000346  TA0CCTL2                           
00000350  TA0R                               
00000352  TA0CCR0                            
00000354  TA0CCR1                            
00000356  TA0CCR2                            
00000360  TA0EX0                             
0000036e  TA0IV                              
00000380  TA1CTL                             
00000382  TA1CCTL0                           
00000384  TA1CCTL1                           
00000386  TA1CCTL2                           
00000390  TA1R                               
00000392  TA1CCR0                            
00000394  TA1CCR1                            
00000396  TA1CCR2                            
000003a0  TA1EX0                             
000003ae  TA1IV                              
000003c0  TB0CTL                             
000003c2  TB0CCTL0                           
000003c4  TB0CCTL1                           
000003c6  TB0CCTL2                           
000003d0  TB0R                               
000003d2  TB0CCR0                            
000003d4  TB0CCR1                            
000003d6  TB0CCR2                            
000003e0  TB0EX0                             
000003ee  TB0IV                              
00000400  TB1CTL                             
00000402  TB1CCTL0                           
00000404  TB1CCTL1                           
00000406  TB1CCTL2                           
00000410  TB1R                               
00000412  TB1CCR0                            
00000414  TB1CCR1                            
00000416  TB1CCR2                            
00000420  TB1EX0                             
0000042e  TB1IV                              
00000440  TB2CTL                             
00000442  TB2CCTL0                           
00000444  TB2CCTL1                           
00000446  TB2CCTL2                           
00000450  TB2R                               
00000452  TB2CCR0                            
00000454  TB2CCR1                            
00000456  TB2CCR2                            
00000460  TB2EX0                             
0000046e  TB2IV                              
000004a0  RTCCTL01                           
000004a0  RTCCTL01_L                         
000004a1  RTCCTL01_H                         
000004a2  RTCCTL23                           
000004a2  RTCCTL23_L                         
000004a3  RTCCTL23_H                         
000004a8  RTCPS0CTL                          
000004a8  RTCPS0CTL_L                        
000004a9  RTCPS0CTL_H                        
000004aa  RTCPS1CTL                          
000004aa  RTCPS1CTL_L                        
000004ab  RTCPS1CTL_H                        
000004ac  RTCPS                              
000004ac  RTCPS_L                            
000004ad  RTCPS_H                            
000004ae  RTCIV                              
000004b0  RTCTIM0                            
000004b0  RTCTIM0_L                          
000004b1  RTCTIM0_H                          
000004b2  RTCTIM1                            
000004b2  RTCTIM1_L                          
000004b3  RTCTIM1_H                          
000004b4  RTCDATE                            
000004b4  RTCDATE_L                          
000004b5  RTCDATE_H                          
000004b6  RTCYEAR                            
000004b6  RTCYEAR_L                          
000004b7  RTCYEAR_H                          
000004b8  RTCAMINHR                          
000004b8  RTCAMINHR_L                        
000004b9  RTCAMINHR_H                        
000004ba  RTCADOWDAY                         
000004ba  RTCADOWDAY_L                       
000004bb  RTCADOWDAY_H                       
000004bc  BIN2BCD                            
000004be  BCD2BIN                            
000004c0  MPY                                
000004c0  MPY_L                              
000004c1  MPY_H                              
000004c2  MPYS                               
000004c2  MPYS_L                             
000004c3  MPYS_H                             
000004c4  MAC                                
000004c4  MAC_L                              
000004c5  MAC_H                              
000004c6  MACS                               
000004c6  MACS_L                             
000004c7  MACS_H                             
000004c8  OP2                                
000004c8  OP2_L                              
000004c9  OP2_H                              
000004ca  RESLO                              
000004ca  RESLO_L                            
000004cb  RESLO_H                            
000004cc  RESHI                              
000004cc  RESHI_L                            
000004cd  RESHI_H                            
000004ce  SUMEXT                             
000004ce  SUMEXT_L                           
000004cf  SUMEXT_H                           
000004d0  MPY32L                             
000004d0  MPY32L_L                           
000004d1  MPY32L_H                           
000004d2  MPY32H                             
000004d2  MPY32H_L                           
000004d3  MPY32H_H                           
000004d4  MPYS32L                            
000004d4  MPYS32L_L                          
000004d5  MPYS32L_H                          
000004d6  MPYS32H                            
000004d6  MPYS32H_L                          
000004d7  MPYS32H_H                          
000004d8  MAC32L                             
000004d8  MAC32L_L                           
000004d9  MAC32L_H                           
000004da  MAC32H                             
000004da  MAC32H_L                           
000004db  MAC32H_H                           
000004dc  MACS32L                            
000004dc  MACS32L_L                          
000004dd  MACS32L_H                          
000004de  MACS32H                            
000004de  MACS32H_L                          
000004df  MACS32H_H                          
000004e0  OP2L                               
000004e0  OP2L_L                             
000004e1  OP2L_H                             
000004e2  OP2H                               
000004e2  OP2H_L                             
000004e3  OP2H_H                             
000004e4  RES0                               
000004e4  RES0_L                             
000004e5  RES0_H                             
000004e6  RES1                               
000004e6  RES1_L                             
000004e7  RES1_H                             
000004e8  RES2                               
000004e8  RES2_L                             
000004e9  RES2_H                             
000004ea  RES3                               
000004ea  RES3_L                             
000004eb  RES3_H                             
000004ec  MPY32CTL0                          
000004ec  MPY32CTL0_L                        
000004ed  MPY32CTL0_H                        
00000500  DMACTL0                            
00000500  DMACTL0_L                          
00000501  DMACTL0_H                          
00000502  DMACTL1                            
00000502  DMACTL1_L                          
00000503  DMACTL1_H                          
00000504  DMACTL2                            
00000504  DMACTL2_L                          
00000505  DMACTL2_H                          
00000506  DMACTL3                            
00000506  DMACTL3_L                          
00000507  DMACTL3_H                          
00000508  DMACTL4                            
00000508  DMACTL4_L                          
00000509  DMACTL4_H                          
0000050e  DMAIV                              
0000050e  DMAIV_L                            
0000050f  DMAIV_H                            
00000510  DMA0CTL                            
00000510  DMA0CTL_L                          
00000511  DMA0CTL_H                          
00000512  DMA0SA                             
00000512  DMA0SAL                            
00000514  DMA0SAH                            
00000516  DMA0DA                             
00000516  DMA0DAL                            
00000518  DMA0DAH                            
0000051a  DMA0SZ                             
00000520  DMA1CTL                            
00000520  DMA1CTL_L                          
00000521  DMA1CTL_H                          
00000522  DMA1SA                             
00000522  DMA1SAL                            
00000524  DMA1SAH                            
00000526  DMA1DA                             
00000526  DMA1DAL                            
00000528  DMA1DAH                            
0000052a  DMA1SZ                             
00000530  DMA2CTL                            
00000530  DMA2CTL_L                          
00000531  DMA2CTL_H                          
00000532  DMA2SA                             
00000532  DMA2SAL                            
00000534  DMA2SAH                            
00000536  DMA2DA                             
00000536  DMA2DAL                            
00000538  DMA2DAH                            
0000053a  DMA2SZ                             
000005a0  MPUCTL0                            
000005a0  MPUCTL0_L                          
000005a1  MPUCTL0_H                          
000005a2  MPUCTL1                            
000005a2  MPUCTL1_L                          
000005a3  MPUCTL1_H                          
000005a4  MPUSEG                             
000005a4  MPUSEG_L                           
000005a5  MPUSEG_H                           
000005a6  MPUSAM                             
000005a6  MPUSAM_L                           
000005a7  MPUSAM_H                           
000005c0  UCA0CTLW0                          
000005c0  UCA0CTLW0_L                        
000005c1  UCA0CTLW0_H                        
000005c2  UCA0CTLW1                          
000005c2  UCA0CTLW1_L                        
000005c3  UCA0CTLW1_H                        
000005c6  UCA0BRW                            
000005c6  UCA0BRW_L                          
000005c7  UCA0BRW_H                          
000005c8  UCA0MCTLW                          
000005c8  UCA0MCTLW_L                        
000005c9  UCA0MCTLW_H                        
000005ca  UCA0STATW                          
000005cc  UCA0RXBUF                          
000005cc  UCA0RXBUF_L                        
000005cd  UCA0RXBUF_H                        
000005ce  UCA0TXBUF                          
000005ce  UCA0TXBUF_L                        
000005cf  UCA0TXBUF_H                        
000005d0  UCA0ABCTL                          
000005d2  UCA0IRCTL                          
000005d2  UCA0IRCTL_L                        
000005d3  UCA0IRCTL_H                        
000005da  UCA0IE                             
000005da  UCA0IE_L                           
000005db  UCA0IE_H                           
000005dc  UCA0IFG                            
000005dc  UCA0IFG_L                          
000005dd  UCA0IFG_H                          
000005de  UCA0IV                             
000005e0  UCA1CTLW0                          
000005e0  UCA1CTLW0_L                        
000005e1  UCA1CTLW0_H                        
000005e2  UCA1CTLW1                          
000005e2  UCA1CTLW1_L                        
000005e3  UCA1CTLW1_H                        
000005e6  UCA1BRW                            
000005e6  UCA1BRW_L                          
000005e7  UCA1BRW_H                          
000005e8  UCA1MCTLW                          
000005e8  UCA1MCTLW_L                        
000005e9  UCA1MCTLW_H                        
000005ea  UCA1STATW                          
000005ec  UCA1RXBUF                          
000005ec  UCA1RXBUF_L                        
000005ed  UCA1RXBUF_H                        
000005ee  UCA1TXBUF                          
000005ee  UCA1TXBUF_L                        
000005ef  UCA1TXBUF_H                        
000005f0  UCA1ABCTL                          
000005f2  UCA1IRCTL                          
000005f2  UCA1IRCTL_L                        
000005f3  UCA1IRCTL_H                        
000005fa  UCA1IE                             
000005fa  UCA1IE_L                           
000005fb  UCA1IE_H                           
000005fc  UCA1IFG                            
000005fc  UCA1IFG_L                          
000005fd  UCA1IFG_H                          
000005fe  UCA1IV                             
00000640  UCB0CTLW0                          
00000640  UCB0CTLW0_L                        
00000641  UCB0CTLW0_H                        
00000642  UCB0CTLW1                          
00000642  UCB0CTLW1_L                        
00000643  UCB0CTLW1_H                        
00000646  UCB0BRW                            
00000646  UCB0BRW_L                          
00000647  UCB0BRW_H                          
00000648  UCB0STATW                          
00000648  UCB0STATW_L                        
00000649  UCB0STATW_H                        
0000064a  UCB0TBCNT                          
0000064a  UCB0TBCNT_L                        
0000064b  UCB0TBCNT_H                        
0000064c  UCB0RXBUF                          
0000064c  UCB0RXBUF_L                        
0000064d  UCB0RXBUF_H                        
0000064e  UCB0TXBUF                          
0000064e  UCB0TXBUF_L                        
0000064f  UCB0TXBUF_H                        
00000654  UCB0I2COA0                         
00000654  UCB0I2COA0_L                       
00000655  UCB0I2COA0_H                       
00000656  UCB0I2COA1                         
00000656  UCB0I2COA1_L                       
00000657  UCB0I2COA1_H                       
00000658  UCB0I2COA2                         
00000658  UCB0I2COA2_L                       
00000659  UCB0I2COA2_H                       
0000065a  UCB0I2COA3                         
0000065a  UCB0I2COA3_L                       
0000065b  UCB0I2COA3_H                       
0000065c  UCB0ADDRX                          
0000065c  UCB0ADDRX_L                        
0000065d  UCB0ADDRX_H                        
0000065e  UCB0ADDMASK                        
0000065e  UCB0ADDMASK_L                      
0000065f  UCB0ADDMASK_H                      
00000660  UCB0I2CSA                          
00000660  UCB0I2CSA_L                        
00000661  UCB0I2CSA_H                        
0000066a  UCB0IE                             
0000066a  UCB0IE_L                           
0000066b  UCB0IE_H                           
0000066c  UCB0IFG                            
0000066c  UCB0IFG_L                          
0000066d  UCB0IFG_H                          
0000066e  UCB0IV                             
00000700  ADC10CTL0                          
00000700  ADC10CTL0_L                        
00000701  ADC10CTL0_H                        
00000702  ADC10CTL1                          
00000702  ADC10CTL1_L                        
00000703  ADC10CTL1_H                        
00000704  ADC10CTL2                          
00000704  ADC10CTL2_L                        
00000705  ADC10CTL2_H                        
00000706  ADC10LO                            
00000706  ADC10LO_L                          
00000707  ADC10LO_H                          
00000708  ADC10HI                            
00000708  ADC10HI_L                          
00000709  ADC10HI_H                          
0000070a  ADC10MCTL0                         
0000070a  ADC10MCTL0_L                       
0000070b  ADC10MCTL0_H                       
00000712  ADC10MEM0                          
00000712  ADC10MEM0_L                        
00000713  ADC10MEM0_H                        
0000071a  ADC10IE                            
0000071a  ADC10IE_L                          
0000071b  ADC10IE_H                          
0000071c  ADC10IFG                           
0000071c  ADC10IFG_L                         
0000071d  ADC10IFG_H                         
0000071e  ADC10IV                            
0000071e  ADC10IV_L                          
0000071f  ADC10IV_H                          
000008c0  CDCTL0                             
000008c0  CDCTL0_L                           
000008c1  CDCTL0_H                           
000008c2  CDCTL1                             
000008c2  CDCTL1_L                           
000008c3  CDCTL1_H                           
000008c4  CDCTL2                             
000008c4  CDCTL2_L                           
000008c5  CDCTL2_H                           
000008c6  CDCTL3                             
000008c6  CDCTL3_L                           
000008c7  CDCTL3_H                           
000008cc  CDINT                              
000008cc  CDINT_L                            
000008cd  CDINT_H                            
000008ce  CDIV                               
000008ce  CDIV_L                             
000008cf  CDIV_H                             
00001c00  MyFFT_ResultI                      
00001d00  MyFFT_ResultR                      
00001e00  MyFFT_TestBuffer                   
00001f00  j                                  
00001f04  MyFFT_input_buffer_end             
00001f06  MyFFT_input_buffer_start           
00001f08  i                                  
00001f0a  ADCResult                          
00001f0e  CalValue_1                         
00001f12  CalValue_2                         
00001f16  CalValue_3                         
00001f1a  CalValue_4                         
00001f1e  Vmax                               
00001f22  Vmon                               
00001f26  Counter_3                          
00001f2a  h                                  
00001f2c  ModeAddress                        
00001f2e  StartAddress                       
00001f30  count                              
00001f32  l                                  
00001f34  g                                  
00001f60  _stack                             
00002000  __STACK_END                        
0000c200  t                                  
0000c202  Memory_copy_ptr                    
0000c204  current_SP                         
0000c206  PC_values                          
0000c20a  data                               
0000c20e  temp                               
0000c210  counter_check                      
0000c212  prova                              
0000c214  pro                                
0000c216  saved                              
0000c218  set                                
0000c21a  c                                  
0000c21c  deltaV                             
0000c220  FRAM_write_ptr                     
0000c222  RAM_copy_ptr                       
0000c224  FLAG_V_monitor                     
0000c226  FLAG_V_monitor_2                   
0000c228  FRAM_read_ptr                      
0000c22a  FLAG_interrupt                     
0000c22c  V_monitor                          
0000c22e  V_monitor_2                        
0000c230  V_monitor_3                        
0000c232  Counter                            
0000c234  Counter_2                          
0000c236  VH_Calibr                          
0000c238  CC_Check                           
0000c23a  FRAM_pc                            
0000c23c  cal                                
0000c800  fram_ro_start                      
0000c800  fram_rw_start                      
0000c822  __TI_Handler_Table_Base            
0000c82a  __TI_CINIT_Base                    
0000c82a  __TI_Handler_Table_Limit           
0000c83a  __TI_CINIT_Limit                   
0000c83a  vol                                
0000ca3a  MyFFT_SampledR                     
0000cb3a  MyFFT_TransformedI                 
0000cc3a  MyFFT_TransformedR                 
0000cd3a  MyFFT_twi                          
0000cdba  MyFFT_twr                          
0000ce3a  MyFFT_win                          
0000d000  Restore                            
0000d000  fram_rx_start                      
0000d228  CheckPoint                         
0000d42a  SystemInit                         
0000d62c  Calibration                        
0000d7ba  Port_2                             
0000d93e  MyFFT_Transform                    
0000da58  Test                               
0000dc30  copy_in                            
0000dce2  Set_V                              
0000dd90  main                               
0000de3a  _auto_init_hold_wdt                
0000ded0  Vmonitor                           
0000df62  Vmonitor_2                         
0000dfe8  MyFFT_Window                       
0000e06c  MyFFT_Reorder                      
0000e0d6  GPIO_configuration                 
0000e130  __mspabi_divul                     
0000e130  __mspabi_remul                     
0000e188  __memcpy_far                       
0000e1c8  __mspabi_divli                     
0000e1c8  __mspabi_remli                     
0000e208  __mspabi_sral_15                   
0000e20c  __mspabi_sral_14                   
0000e210  __mspabi_sral_13                   
0000e214  __mspabi_sral_12                   
0000e218  __mspabi_sral_11                   
0000e21c  __mspabi_sral_10                   
0000e220  __mspabi_sral_9                    
0000e224  __mspabi_sral_8                    
0000e228  __mspabi_sral_7                    
0000e22c  __mspabi_sral_6                    
0000e230  __mspabi_sral_5                    
0000e234  __mspabi_sral_4                    
0000e238  __mspabi_sral_3                    
0000e23c  __mspabi_sral_2                    
0000e240  __mspabi_sral_1                    
0000e246  __TI_decompress_none               
0000e282  MyFFT_Sample                       
0000e2b2  MyFFT_TestHarnessCompareComplex    
0000e2dc  test                               
0000e302  __mspabi_mpyl_f5hw                 
0000e326  Clock_configuration                
0000e348  __mspabi_mpysl_f5hw                
0000e364  Timer1_A0_ISR                      
0000e380  _c_int00_noargs_noexit             
0000e39a  __mspabi_mpyi_f5hw                 
0000e3b2  StartDebounceTimer_2               
0000e3c6  MyFFT_CalculateDft                 
0000e3d8  MyFFT_Init                         
0000e3ea  P2HI                               
0000e3fc  P2LO                               
0000e40e  memcpy                             
0000e420  MyFFT_TestHarnessCompareTransformed
0000e42e  __TI_decompress_rle24              
0000e43c  __TI_ISR_TRAP                      
0000e444  C$$EXIT                            
0000e444  abort                              
0000e44a  _system_pre_init                   
0000e44e  _system_post_cinit                 
0000ffce  __TI_int31                         
0000ffd0  __TI_int32                         
0000ffd2  __TI_int33                         
0000ffd4  __TI_int34                         
0000ffd6  __TI_int35                         
0000ffd8  __TI_int36                         
0000ffda  __TI_int37                         
0000ffdc  __TI_int38                         
0000ffde  __TI_int39                         
0000ffe0  __TI_int40                         
0000ffe2  __TI_int41                         
0000ffe4  __TI_int42                         
0000ffe6  __TI_int43                         
0000ffe8  __TI_int44                         
0000ffea  __TI_int45                         
0000ffec  __TI_int46                         
0000ffee  __TI_int47                         
0000fff0  __TI_int48                         
0000fff2  __TI_int49                         
0000fff4  __TI_int50                         
0000fff6  __TI_int51                         
0000fff8  __TI_int52                         
0000fffa  __TI_int53                         
0000fffc  __TI_int54                         
0000fffe  _reset_vector                      
ffffffff  __TI_pprof_out_hndl                
ffffffff  __TI_prof_data_size                
ffffffff  __TI_prof_data_start               
ffffffff  __c_args__                         
UNDEFED   __TI_BINIT_Base                    
UNDEFED   __TI_BINIT_Limit                   
UNDEFED   __TI_INITARRAY_Base                
UNDEFED   __TI_INITARRAY_Limit               

[714 symbols]
