<?xml version="1.0"?>
<link_info>
   <banner>MSP430 Linker PC v15.12.3.LTS</banner>
   <copyright>Copyright (c) 2003-2015 Texas Instruments Incorporated</copyright>
   <link_time>0x5c5b1483</link_time>
   <link_errors>0x0</link_errors>
   <output_file>H+.out</output_file>
   <entry_point>
      <name>_c_int00_noargs_noexit</name>
      <address>0xe62e</address>
   </entry_point>
   <input_file_list>
      <input_file id="fl-2">
         <path>.\</path>
         <kind>object</kind>
         <file>MyFFT.obj</file>
         <name>MyFFT.obj</name>
      </input_file>
      <input_file id="fl-3">
         <path>.\</path>
         <kind>object</kind>
         <file>MyFFT_Tables.obj</file>
         <name>MyFFT_Tables.obj</name>
      </input_file>
      <input_file id="fl-4">
         <path>.\</path>
         <kind>object</kind>
         <file>MyFFT_TestHarness.obj</file>
         <name>MyFFT_TestHarness.obj</name>
      </input_file>
      <input_file id="fl-5">
         <path>.\</path>
         <kind>object</kind>
         <file>hibernation.obj</file>
         <name>hibernation.obj</name>
      </input_file>
      <input_file id="fl-6">
         <path>.\</path>
         <kind>object</kind>
         <file>main.obj</file>
         <name>main.obj</name>
      </input_file>
      <input_file id="fl-27">
         <path>C:\ti\ccsv6\tools\compiler\msp430_15.12.3.LTS\lib\</path>
         <kind>archive</kind>
         <file>rts430x_lc_sd_eabi.lib</file>
         <name>asr32.obj</name>
      </input_file>
      <input_file id="fl-28">
         <path>C:\ti\ccsv6\tools\compiler\msp430_15.12.3.LTS\lib\</path>
         <kind>archive</kind>
         <file>rts430x_lc_sd_eabi.lib</file>
         <name>boot.obj</name>
      </input_file>
      <input_file id="fl-29">
         <path>C:\ti\ccsv6\tools\compiler\msp430_15.12.3.LTS\lib\</path>
         <kind>archive</kind>
         <file>rts430x_lc_sd_eabi.lib</file>
         <name>boot_special.obj</name>
      </input_file>
      <input_file id="fl-2a">
         <path>C:\ti\ccsv6\tools\compiler\msp430_15.12.3.LTS\lib\</path>
         <kind>archive</kind>
         <file>rts430x_lc_sd_eabi.lib</file>
         <name>copy_decompress_none.obj</name>
      </input_file>
      <input_file id="fl-2b">
         <path>C:\ti\ccsv6\tools\compiler\msp430_15.12.3.LTS\lib\</path>
         <kind>archive</kind>
         <file>rts430x_lc_sd_eabi.lib</file>
         <name>copy_decompress_rle.obj</name>
      </input_file>
      <input_file id="fl-2c">
         <path>C:\ti\ccsv6\tools\compiler\msp430_15.12.3.LTS\lib\</path>
         <kind>archive</kind>
         <file>rts430x_lc_sd_eabi.lib</file>
         <name>copy_zero_init.obj</name>
      </input_file>
      <input_file id="fl-2d">
         <path>C:\ti\ccsv6\tools\compiler\msp430_15.12.3.LTS\lib\</path>
         <kind>archive</kind>
         <file>rts430x_lc_sd_eabi.lib</file>
         <name>cpy_util.obj</name>
      </input_file>
      <input_file id="fl-2e">
         <path>C:\ti\ccsv6\tools\compiler\msp430_15.12.3.LTS\lib\</path>
         <kind>archive</kind>
         <file>rts430x_lc_sd_eabi.lib</file>
         <name>div32s.obj</name>
      </input_file>
      <input_file id="fl-2f">
         <path>C:\ti\ccsv6\tools\compiler\msp430_15.12.3.LTS\lib\</path>
         <kind>archive</kind>
         <file>rts430x_lc_sd_eabi.lib</file>
         <name>div32u.obj</name>
      </input_file>
      <input_file id="fl-30">
         <path>C:\ti\ccsv6\tools\compiler\msp430_15.12.3.LTS\lib\</path>
         <kind>archive</kind>
         <file>rts430x_lc_sd_eabi.lib</file>
         <name>exit.obj</name>
      </input_file>
      <input_file id="fl-31">
         <path>C:\ti\ccsv6\tools\compiler\msp430_15.12.3.LTS\lib\</path>
         <kind>archive</kind>
         <file>rts430x_lc_sd_eabi.lib</file>
         <name>exit_gvars.obj</name>
      </input_file>
      <input_file id="fl-32">
         <path>C:\ti\ccsv6\tools\compiler\msp430_15.12.3.LTS\lib\</path>
         <kind>archive</kind>
         <file>rts430x_lc_sd_eabi.lib</file>
         <name>int31.obj</name>
      </input_file>
      <input_file id="fl-33">
         <path>C:\ti\ccsv6\tools\compiler\msp430_15.12.3.LTS\lib\</path>
         <kind>archive</kind>
         <file>rts430x_lc_sd_eabi.lib</file>
         <name>int32.obj</name>
      </input_file>
      <input_file id="fl-34">
         <path>C:\ti\ccsv6\tools\compiler\msp430_15.12.3.LTS\lib\</path>
         <kind>archive</kind>
         <file>rts430x_lc_sd_eabi.lib</file>
         <name>int33.obj</name>
      </input_file>
      <input_file id="fl-35">
         <path>C:\ti\ccsv6\tools\compiler\msp430_15.12.3.LTS\lib\</path>
         <kind>archive</kind>
         <file>rts430x_lc_sd_eabi.lib</file>
         <name>int34.obj</name>
      </input_file>
      <input_file id="fl-36">
         <path>C:\ti\ccsv6\tools\compiler\msp430_15.12.3.LTS\lib\</path>
         <kind>archive</kind>
         <file>rts430x_lc_sd_eabi.lib</file>
         <name>int35.obj</name>
      </input_file>
      <input_file id="fl-37">
         <path>C:\ti\ccsv6\tools\compiler\msp430_15.12.3.LTS\lib\</path>
         <kind>archive</kind>
         <file>rts430x_lc_sd_eabi.lib</file>
         <name>int37.obj</name>
      </input_file>
      <input_file id="fl-38">
         <path>C:\ti\ccsv6\tools\compiler\msp430_15.12.3.LTS\lib\</path>
         <kind>archive</kind>
         <file>rts430x_lc_sd_eabi.lib</file>
         <name>int38.obj</name>
      </input_file>
      <input_file id="fl-39">
         <path>C:\ti\ccsv6\tools\compiler\msp430_15.12.3.LTS\lib\</path>
         <kind>archive</kind>
         <file>rts430x_lc_sd_eabi.lib</file>
         <name>int39.obj</name>
      </input_file>
      <input_file id="fl-3a">
         <path>C:\ti\ccsv6\tools\compiler\msp430_15.12.3.LTS\lib\</path>
         <kind>archive</kind>
         <file>rts430x_lc_sd_eabi.lib</file>
         <name>int40.obj</name>
      </input_file>
      <input_file id="fl-3b">
         <path>C:\ti\ccsv6\tools\compiler\msp430_15.12.3.LTS\lib\</path>
         <kind>archive</kind>
         <file>rts430x_lc_sd_eabi.lib</file>
         <name>int42.obj</name>
      </input_file>
      <input_file id="fl-3c">
         <path>C:\ti\ccsv6\tools\compiler\msp430_15.12.3.LTS\lib\</path>
         <kind>archive</kind>
         <file>rts430x_lc_sd_eabi.lib</file>
         <name>int43.obj</name>
      </input_file>
      <input_file id="fl-3d">
         <path>C:\ti\ccsv6\tools\compiler\msp430_15.12.3.LTS\lib\</path>
         <kind>archive</kind>
         <file>rts430x_lc_sd_eabi.lib</file>
         <name>int44.obj</name>
      </input_file>
      <input_file id="fl-3e">
         <path>C:\ti\ccsv6\tools\compiler\msp430_15.12.3.LTS\lib\</path>
         <kind>archive</kind>
         <file>rts430x_lc_sd_eabi.lib</file>
         <name>int45.obj</name>
      </input_file>
      <input_file id="fl-3f">
         <path>C:\ti\ccsv6\tools\compiler\msp430_15.12.3.LTS\lib\</path>
         <kind>archive</kind>
         <file>rts430x_lc_sd_eabi.lib</file>
         <name>int46.obj</name>
      </input_file>
      <input_file id="fl-40">
         <path>C:\ti\ccsv6\tools\compiler\msp430_15.12.3.LTS\lib\</path>
         <kind>archive</kind>
         <file>rts430x_lc_sd_eabi.lib</file>
         <name>int47.obj</name>
      </input_file>
      <input_file id="fl-41">
         <path>C:\ti\ccsv6\tools\compiler\msp430_15.12.3.LTS\lib\</path>
         <kind>archive</kind>
         <file>rts430x_lc_sd_eabi.lib</file>
         <name>int48.obj</name>
      </input_file>
      <input_file id="fl-42">
         <path>C:\ti\ccsv6\tools\compiler\msp430_15.12.3.LTS\lib\</path>
         <kind>archive</kind>
         <file>rts430x_lc_sd_eabi.lib</file>
         <name>int49.obj</name>
      </input_file>
      <input_file id="fl-43">
         <path>C:\ti\ccsv6\tools\compiler\msp430_15.12.3.LTS\lib\</path>
         <kind>archive</kind>
         <file>rts430x_lc_sd_eabi.lib</file>
         <name>int50.obj</name>
      </input_file>
      <input_file id="fl-44">
         <path>C:\ti\ccsv6\tools\compiler\msp430_15.12.3.LTS\lib\</path>
         <kind>archive</kind>
         <file>rts430x_lc_sd_eabi.lib</file>
         <name>int51.obj</name>
      </input_file>
      <input_file id="fl-45">
         <path>C:\ti\ccsv6\tools\compiler\msp430_15.12.3.LTS\lib\</path>
         <kind>archive</kind>
         <file>rts430x_lc_sd_eabi.lib</file>
         <name>int52.obj</name>
      </input_file>
      <input_file id="fl-46">
         <path>C:\ti\ccsv6\tools\compiler\msp430_15.12.3.LTS\lib\</path>
         <kind>archive</kind>
         <file>rts430x_lc_sd_eabi.lib</file>
         <name>int53.obj</name>
      </input_file>
      <input_file id="fl-47">
         <path>C:\ti\ccsv6\tools\compiler\msp430_15.12.3.LTS\lib\</path>
         <kind>archive</kind>
         <file>rts430x_lc_sd_eabi.lib</file>
         <name>int54.obj</name>
      </input_file>
      <input_file id="fl-48">
         <path>C:\ti\ccsv6\tools\compiler\msp430_15.12.3.LTS\lib\</path>
         <kind>archive</kind>
         <file>rts430x_lc_sd_eabi.lib</file>
         <name>isr_trap.obj</name>
      </input_file>
      <input_file id="fl-49">
         <path>C:\ti\ccsv6\tools\compiler\msp430_15.12.3.LTS\lib\</path>
         <kind>archive</kind>
         <file>rts430x_lc_sd_eabi.lib</file>
         <name>mpu_init.obj</name>
      </input_file>
      <input_file id="fl-4a">
         <path>C:\ti\ccsv6\tools\compiler\msp430_15.12.3.LTS\lib\</path>
         <kind>archive</kind>
         <file>rts430x_lc_sd_eabi.lib</file>
         <name>mult16.obj</name>
      </input_file>
      <input_file id="fl-4b">
         <path>C:\ti\ccsv6\tools\compiler\msp430_15.12.3.LTS\lib\</path>
         <kind>archive</kind>
         <file>rts430x_lc_sd_eabi.lib</file>
         <name>mult1632.obj</name>
      </input_file>
      <input_file id="fl-4c">
         <path>C:\ti\ccsv6\tools\compiler\msp430_15.12.3.LTS\lib\</path>
         <kind>archive</kind>
         <file>rts430x_lc_sd_eabi.lib</file>
         <name>mult1632_f5hw.obj</name>
      </input_file>
      <input_file id="fl-4d">
         <path>C:\ti\ccsv6\tools\compiler\msp430_15.12.3.LTS\lib\</path>
         <kind>archive</kind>
         <file>rts430x_lc_sd_eabi.lib</file>
         <name>mult16_f5hw.obj</name>
      </input_file>
      <input_file id="fl-4e">
         <path>C:\ti\ccsv6\tools\compiler\msp430_15.12.3.LTS\lib\</path>
         <kind>archive</kind>
         <file>rts430x_lc_sd_eabi.lib</file>
         <name>mult32.obj</name>
      </input_file>
      <input_file id="fl-4f">
         <path>C:\ti\ccsv6\tools\compiler\msp430_15.12.3.LTS\lib\</path>
         <kind>archive</kind>
         <file>rts430x_lc_sd_eabi.lib</file>
         <name>mult3264_f5hw.obj</name>
      </input_file>
      <input_file id="fl-50">
         <path>C:\ti\ccsv6\tools\compiler\msp430_15.12.3.LTS\lib\</path>
         <kind>archive</kind>
         <file>rts430x_lc_sd_eabi.lib</file>
         <name>mult32_f5hw.obj</name>
      </input_file>
      <input_file id="fl-51">
         <path>C:\ti\ccsv6\tools\compiler\msp430_15.12.3.LTS\lib\</path>
         <kind>archive</kind>
         <file>rts430x_lc_sd_eabi.lib</file>
         <name>mult64_f5hw.obj</name>
      </input_file>
      <input_file id="fl-52">
         <path>C:\ti\ccsv6\tools\compiler\msp430_15.12.3.LTS\lib\</path>
         <kind>archive</kind>
         <file>rts430x_lc_sd_eabi.lib</file>
         <name>pre_init.obj</name>
      </input_file>
      <input_file id="fl-53">
         <path>C:\ti\ccsv6\tools\compiler\msp430_15.12.3.LTS\lib\</path>
         <kind>archive</kind>
         <file>rts430x_lc_sd_eabi.lib</file>
         <name>_lock.obj</name>
      </input_file>
      <input_file id="fl-54">
         <path>C:\ti\ccsv6\tools\compiler\msp430_15.12.3.LTS\lib\</path>
         <kind>archive</kind>
         <file>rts430x_lc_sd_eabi.lib</file>
         <name>args_main.obj</name>
      </input_file>
      <input_file id="fl-55">
         <path>C:\ti\ccsv6\tools\compiler\msp430_15.12.3.LTS\lib\</path>
         <kind>archive</kind>
         <file>rts430x_lc_sd_eabi.lib</file>
         <name>autoinit_wdt.obj</name>
      </input_file>
      <input_file id="fl-56">
         <path>C:\ti\ccsv6\tools\compiler\msp430_15.12.3.LTS\lib\</path>
         <kind>archive</kind>
         <file>rts430x_lc_sd_eabi.lib</file>
         <name>cpy_tbl.obj</name>
      </input_file>
      <input_file id="fl-57">
         <path>C:\ti\ccsv6\tools\compiler\msp430_15.12.3.LTS\lib\</path>
         <kind>archive</kind>
         <file>rts430x_lc_sd_eabi.lib</file>
         <name>memcpy.obj</name>
      </input_file>
      <input_file id="fl-58">
         <path>C:\ti\ccsv6\tools\compiler\msp430_15.12.3.LTS\lib\</path>
         <kind>archive</kind>
         <file>rts430x_lc_sd_eabi.lib</file>
         <name>startup.obj</name>
      </input_file>
   </input_file_list>
   <object_component_list>
      <object_component id="oc-56b">
         <name>.cinit..data.load</name>
         <load_address>0xc800</load_address>
         <run_address>0xc800</run_address>
         <size>0x15</size>
      </object_component>
      <object_component id="oc-56a">
         <name>.cinit..bss.load</name>
         <load_address>0xc816</load_address>
         <run_address>0xc816</run_address>
         <size>0xb</size>
      </object_component>
      <object_component id="oc-568">
         <name>__TI_handler_table</name>
         <load_address>0xc822</load_address>
         <run_address>0xc822</run_address>
         <size>0x8</size>
      </object_component>
      <object_component id="oc-569">
         <name>__TI_cinit_table</name>
         <load_address>0xc82a</load_address>
         <run_address>0xc82a</run_address>
         <size>0x10</size>
      </object_component>
      <object_component id="oc-3e7">
         <name>.const:vol</name>
         <load_address>0xc83a</load_address>
         <run_address>0xc83a</run_address>
         <size>0x200</size>
         <input_file_ref idref="fl-5"/>
      </object_component>
      <object_component id="oc-48c">
         <name>.const:gen</name>
         <load_address>0xca3a</load_address>
         <run_address>0xca3a</run_address>
         <size>0x1cc</size>
         <input_file_ref idref="fl-5"/>
      </object_component>
      <object_component id="oc-3c1">
         <name>.const:MyFFT_SampledR</name>
         <load_address>0xcc06</load_address>
         <run_address>0xcc06</run_address>
         <size>0x100</size>
         <input_file_ref idref="fl-4"/>
      </object_component>
      <object_component id="oc-47b">
         <name>.const:MyFFT_TransformedI</name>
         <load_address>0xcd06</load_address>
         <run_address>0xcd06</run_address>
         <size>0x100</size>
         <input_file_ref idref="fl-4"/>
      </object_component>
      <object_component id="oc-478">
         <name>.const:MyFFT_TransformedR</name>
         <load_address>0xce06</load_address>
         <run_address>0xce06</run_address>
         <size>0x100</size>
         <input_file_ref idref="fl-4"/>
      </object_component>
      <object_component id="oc-4e9">
         <name>.const:MyFFT_twi</name>
         <load_address>0xcf06</load_address>
         <run_address>0xcf06</run_address>
         <size>0x80</size>
         <input_file_ref idref="fl-3"/>
      </object_component>
      <object_component id="oc-4e1">
         <name>.const:MyFFT_twr</name>
         <load_address>0xcf86</load_address>
         <run_address>0xcf86</run_address>
         <size>0x80</size>
         <input_file_ref idref="fl-3"/>
      </object_component>
      <object_component id="oc-4d7">
         <name>.const:MyFFT_win</name>
         <load_address>0xd006</load_address>
         <run_address>0xd006</run_address>
         <size>0x80</size>
         <input_file_ref idref="fl-3"/>
      </object_component>
      <object_component id="oc-3bb">
         <name>.text:SystemInit</name>
         <load_address>0xd200</load_address>
         <run_address>0xd200</run_address>
         <size>0x262</size>
         <input_file_ref idref="fl-5"/>
      </object_component>
      <object_component id="oc-31d">
         <name>.text:_isr:Port_2</name>
         <load_address>0xd462</load_address>
         <run_address>0xd462</run_address>
         <size>0x1d8</size>
         <input_file_ref idref="fl-5"/>
      </object_component>
      <object_component id="oc-437">
         <name>.text:Calibration</name>
         <load_address>0xd63a</load_address>
         <run_address>0xd63a</run_address>
         <size>0x1a2</size>
         <input_file_ref idref="fl-5"/>
      </object_component>
      <object_component id="oc-4c4">
         <name>.text:Restore_Register</name>
         <load_address>0xd7dc</load_address>
         <run_address>0xd7dc</run_address>
         <size>0x1a0</size>
         <input_file_ref idref="fl-5"/>
      </object_component>
      <object_component id="oc-471">
         <name>.text:MyFFT_Transform</name>
         <load_address>0xd97c</load_address>
         <run_address>0xd97c</run_address>
         <size>0x11a</size>
         <input_file_ref idref="fl-2"/>
      </object_component>
      <object_component id="oc-443">
         <name>.text:Test</name>
         <load_address>0xda96</load_address>
         <run_address>0xda96</run_address>
         <size>0x102</size>
         <input_file_ref idref="fl-5"/>
      </object_component>
      <object_component id="oc-449">
         <name>.text:Restore</name>
         <load_address>0xdb98</load_address>
         <run_address>0xdb98</run_address>
         <size>0xfa</size>
         <input_file_ref idref="fl-5"/>
      </object_component>
      <object_component id="oc-30b">
         <name>.text:__TI_decompress_rle_core</name>
         <load_address>0xdc92</load_address>
         <run_address>0xdc92</run_address>
         <size>0xd6</size>
         <input_file_ref idref="fl-2b"/>
      </object_component>
      <object_component id="oc-394">
         <name>.text:copy_in</name>
         <load_address>0xdd68</load_address>
         <run_address>0xdd68</run_address>
         <size>0xb2</size>
         <input_file_ref idref="fl-56"/>
      </object_component>
      <object_component id="oc-37c">
         <name>.text:Set_V</name>
         <load_address>0xde1a</load_address>
         <run_address>0xde1a</run_address>
         <size>0xae</size>
         <input_file_ref idref="fl-5"/>
      </object_component>
      <object_component id="oc-34f">
         <name>.text:main</name>
         <load_address>0xdec8</load_address>
         <run_address>0xdec8</run_address>
         <size>0xaa</size>
         <input_file_ref idref="fl-6"/>
      </object_component>
      <object_component id="oc-335">
         <name>.text:_auto_init_hold_wdt</name>
         <load_address>0xdf72</load_address>
         <run_address>0xdf72</run_address>
         <size>0x96</size>
         <input_file_ref idref="fl-55"/>
      </object_component>
      <object_component id="oc-43d">
         <name>.text:Vmonitor</name>
         <load_address>0xe008</load_address>
         <run_address>0xe008</run_address>
         <size>0x92</size>
         <input_file_ref idref="fl-5"/>
      </object_component>
      <object_component id="oc-38b">
         <name>.text:CheckPoint</name>
         <load_address>0xe09a</load_address>
         <run_address>0xe09a</run_address>
         <size>0x8c</size>
         <input_file_ref idref="fl-5"/>
      </object_component>
      <object_component id="oc-4a5">
         <name>.text:Vmonitor_2</name>
         <load_address>0xe126</load_address>
         <run_address>0xe126</run_address>
         <size>0x86</size>
         <input_file_ref idref="fl-5"/>
      </object_component>
      <object_component id="oc-465">
         <name>.text:MyFFT_Window</name>
         <load_address>0xe1ac</load_address>
         <run_address>0xe1ac</run_address>
         <size>0x84</size>
         <input_file_ref idref="fl-2"/>
      </object_component>
      <object_component id="oc-46b">
         <name>.text:MyFFT_Reorder</name>
         <load_address>0xe230</load_address>
         <run_address>0xe230</run_address>
         <size>0x6a</size>
         <input_file_ref idref="fl-2"/>
      </object_component>
      <object_component id="oc-4ab">
         <name>.text:CheckPoint_calibrate</name>
         <load_address>0xe29a</load_address>
         <run_address>0xe29a</run_address>
         <size>0x5c</size>
         <input_file_ref idref="fl-5"/>
      </object_component>
      <object_component id="oc-42b">
         <name>.text:GPIO_configuration</name>
         <load_address>0xe2f6</load_address>
         <run_address>0xe2f6</run_address>
         <size>0x5a</size>
         <input_file_ref idref="fl-5"/>
      </object_component>
      <object_component id="oc-3ee">
         <name>.text:Save_RAM</name>
         <load_address>0xe350</load_address>
         <run_address>0xe350</run_address>
         <size>0x5a</size>
         <input_file_ref idref="fl-5"/>
      </object_component>
      <object_component id="oc-4f9">
         <name>.text</name>
         <load_address>0xe3aa</load_address>
         <run_address>0xe3aa</run_address>
         <size>0x58</size>
         <input_file_ref idref="fl-2f"/>
      </object_component>
      <object_component id="oc-2ff">
         <name>.text:__memcpy_far</name>
         <load_address>0xe402</load_address>
         <run_address>0xe402</run_address>
         <size>0x40</size>
         <input_file_ref idref="fl-2d"/>
      </object_component>
      <object_component id="oc-4b6">
         <name>.text</name>
         <load_address>0xe442</load_address>
         <run_address>0xe442</run_address>
         <size>0x40</size>
         <input_file_ref idref="fl-2e"/>
      </object_component>
      <object_component id="oc-4da">
         <name>.text:l_asr_const</name>
         <load_address>0xe482</load_address>
         <run_address>0xe482</run_address>
         <size>0x3e</size>
         <input_file_ref idref="fl-27"/>
      </object_component>
      <object_component id="oc-66">
         <name>.text:decompress:none:__TI_decompress_none</name>
         <load_address>0xe4c0</load_address>
         <run_address>0xe4c0</run_address>
         <size>0x3c</size>
         <input_file_ref idref="fl-2a"/>
      </object_component>
      <object_component id="oc-3f4">
         <name>.text:Save_Register</name>
         <load_address>0xe4fc</load_address>
         <run_address>0xe4fc</run_address>
         <size>0x34</size>
         <input_file_ref idref="fl-5"/>
      </object_component>
      <object_component id="oc-45f">
         <name>.text:MyFFT_Sample</name>
         <load_address>0xe530</load_address>
         <run_address>0xe530</run_address>
         <size>0x30</size>
         <input_file_ref idref="fl-2"/>
      </object_component>
      <object_component id="oc-47e">
         <name>.text:MyFFT_TestHarnessCompareComplex</name>
         <load_address>0xe560</load_address>
         <run_address>0xe560</run_address>
         <size>0x2a</size>
         <input_file_ref idref="fl-4"/>
      </object_component>
      <object_component id="oc-4bd">
         <name>.text:test</name>
         <load_address>0xe58a</load_address>
         <run_address>0xe58a</run_address>
         <size>0x26</size>
         <input_file_ref idref="fl-5"/>
      </object_component>
      <object_component id="oc-4b1">
         <name>.text</name>
         <load_address>0xe5b0</load_address>
         <run_address>0xe5b0</run_address>
         <size>0x24</size>
         <input_file_ref idref="fl-50"/>
      </object_component>
      <object_component id="oc-431">
         <name>.text:Clock_configuration</name>
         <load_address>0xe5d4</load_address>
         <run_address>0xe5d4</run_address>
         <size>0x22</size>
         <input_file_ref idref="fl-5"/>
      </object_component>
      <object_component id="oc-4e4">
         <name>.text:__mpysl</name>
         <load_address>0xe5f6</load_address>
         <run_address>0xe5f6</run_address>
         <size>0x1c</size>
         <input_file_ref idref="fl-4c"/>
      </object_component>
      <object_component id="oc-323">
         <name>.text:_isr:Timer1_A0_ISR</name>
         <load_address>0xe612</load_address>
         <run_address>0xe612</run_address>
         <size>0x1c</size>
         <input_file_ref idref="fl-5"/>
      </object_component>
      <object_component id="oc-a8">
         <name>.text:_isr:_c_int00_noargs_noexit</name>
         <load_address>0xe62e</load_address>
         <run_address>0xe62e</run_address>
         <size>0x1a</size>
         <input_file_ref idref="fl-29"/>
      </object_component>
      <object_component id="oc-377">
         <name>.text</name>
         <load_address>0xe648</load_address>
         <run_address>0xe648</run_address>
         <size>0x18</size>
         <input_file_ref idref="fl-4d"/>
      </object_component>
      <object_component id="oc-385">
         <name>.text:StartDebounceTimer_2</name>
         <load_address>0xe660</load_address>
         <run_address>0xe660</run_address>
         <size>0x14</size>
         <input_file_ref idref="fl-5"/>
      </object_component>
      <object_component id="oc-3cd">
         <name>.text:MyFFT_CalculateDft</name>
         <load_address>0xe674</load_address>
         <run_address>0xe674</run_address>
         <size>0x12</size>
         <input_file_ref idref="fl-2"/>
      </object_component>
      <object_component id="oc-3c7">
         <name>.text:MyFFT_Init</name>
         <load_address>0xe686</load_address>
         <run_address>0xe686</run_address>
         <size>0x12</size>
         <input_file_ref idref="fl-2"/>
      </object_component>
      <object_component id="oc-3fb">
         <name>.text:memcpy</name>
         <load_address>0xe698</load_address>
         <run_address>0xe698</run_address>
         <size>0x12</size>
         <input_file_ref idref="fl-57"/>
      </object_component>
      <object_component id="oc-3d3">
         <name>.text:MyFFT_TestHarnessCompareTransformed</name>
         <load_address>0xe6aa</load_address>
         <run_address>0xe6aa</run_address>
         <size>0xe</size>
         <input_file_ref idref="fl-4"/>
      </object_component>
      <object_component id="oc-6c">
         <name>.text:decompress:rle24:__TI_decompress_rle24</name>
         <load_address>0xe6b8</load_address>
         <run_address>0xe6b8</run_address>
         <size>0xe</size>
         <input_file_ref idref="fl-2b"/>
      </object_component>
      <object_component id="oc-318">
         <name>.text:_isr:__TI_ISR_TRAP</name>
         <load_address>0xe6c6</load_address>
         <run_address>0xe6c6</run_address>
         <size>0x8</size>
         <input_file_ref idref="fl-48"/>
      </object_component>
      <object_component id="oc-357">
         <name>.text:abort</name>
         <load_address>0xe6ce</load_address>
         <run_address>0xe6ce</run_address>
         <size>0x6</size>
         <input_file_ref idref="fl-30"/>
      </object_component>
      <object_component id="oc-32f">
         <name>.text:_system_pre_init</name>
         <load_address>0xe6d4</load_address>
         <run_address>0xe6d4</run_address>
         <size>0x4</size>
         <input_file_ref idref="fl-52"/>
      </object_component>
      <object_component id="oc-39a">
         <name>.text:_system_post_cinit</name>
         <load_address>0xe6d8</load_address>
         <run_address>0xe6d8</run_address>
         <size>0x2</size>
         <input_file_ref idref="fl-58"/>
      </object_component>
      <object_component id="oc-382">
         <name>.fram_vars:uninit</name>
         <load_address>0xc200</load_address>
         <run_address>0xc200</run_address>
         <size>0x1f0</size>
         <input_file_ref idref="fl-5"/>
      </object_component>
      <object_component id="oc-371">
         <name>.fram_vars:init</name>
         <load_address>0xc3f0</load_address>
         <run_address>0xc3f0</run_address>
         <size>0x1c</size>
         <input_file_ref idref="fl-5"/>
      </object_component>
      <object_component id="oc-4d4">
         <name>.common:MyFFT_ResultR</name>
         <uninitialized>true</uninitialized>
         <run_address>0x1d00</run_address>
         <size>0x100</size>
      </object_component>
      <object_component id="oc-4d5">
         <name>.common:MyFFT_ResultI</name>
         <uninitialized>true</uninitialized>
         <run_address>0x1c00</run_address>
         <size>0x100</size>
      </object_component>
      <object_component id="oc-45a">
         <name>.common:MyFFT_input_buffer_start</name>
         <uninitialized>true</uninitialized>
         <run_address>0x1f06</run_address>
         <size>0x2</size>
      </object_component>
      <object_component id="oc-45d">
         <name>.common:MyFFT_input_buffer_end</name>
         <uninitialized>true</uninitialized>
         <run_address>0x1f04</run_address>
         <size>0x2</size>
      </object_component>
      <object_component id="oc-3e6">
         <name>.common:i</name>
         <uninitialized>true</uninitialized>
         <run_address>0x1f08</run_address>
         <size>0x2</size>
      </object_component>
      <object_component id="oc-3dc">
         <name>.common:j</name>
         <uninitialized>true</uninitialized>
         <run_address>0x1f00</run_address>
         <size>0x4</size>
      </object_component>
      <object_component id="oc-3c4">
         <name>.common:MyFFT_TestBuffer</name>
         <uninitialized>true</uninitialized>
         <run_address>0x1e00</run_address>
         <size>0x100</size>
      </object_component>
      <object_component id="oc-374">
         <name>.data</name>
         <load_address>0x1f0a</load_address>
         <run_address>0x1f0a</run_address>
         <size>0x28</size>
         <input_file_ref idref="fl-5"/>
      </object_component>
      <object_component id="oc-3d9">
         <name>.data</name>
         <load_address>0x1f32</load_address>
         <run_address>0x1f32</run_address>
         <size>0xa</size>
         <input_file_ref idref="fl-6"/>
      </object_component>
      <object_component id="oc-2fb">
         <name>.stack</name>
         <uninitialized>true</uninitialized>
         <run_address>0x1f60</run_address>
         <size>0x2</size>
         <input_file_ref idref="fl-28"/>
      </object_component>
      <object_component id="oc-56c">
         <name>.stack</name>
         <uninitialized>true</uninitialized>
         <run_address>0x1f60</run_address>
         <size>0x0</size>
      </object_component>
      <object_component id="oc-72">
         <name>.int31</name>
         <load_address>0xffce</load_address>
         <run_address>0xffce</run_address>
         <size>0x2</size>
         <input_file_ref idref="fl-32"/>
      </object_component>
      <object_component id="oc-73">
         <name>.int32</name>
         <load_address>0xffd0</load_address>
         <run_address>0xffd0</run_address>
         <size>0x2</size>
         <input_file_ref idref="fl-33"/>
      </object_component>
      <object_component id="oc-74">
         <name>.int33</name>
         <load_address>0xffd2</load_address>
         <run_address>0xffd2</run_address>
         <size>0x2</size>
         <input_file_ref idref="fl-34"/>
      </object_component>
      <object_component id="oc-75">
         <name>.int34</name>
         <load_address>0xffd4</load_address>
         <run_address>0xffd4</run_address>
         <size>0x2</size>
         <input_file_ref idref="fl-35"/>
      </object_component>
      <object_component id="oc-76">
         <name>.int35</name>
         <load_address>0xffd6</load_address>
         <run_address>0xffd6</run_address>
         <size>0x2</size>
         <input_file_ref idref="fl-36"/>
      </object_component>
      <object_component id="oc-77">
         <name>.int36</name>
         <load_address>0xffd8</load_address>
         <run_address>0xffd8</run_address>
         <size>0x2</size>
         <input_file_ref idref="fl-5"/>
      </object_component>
      <object_component id="oc-78">
         <name>.int37</name>
         <load_address>0xffda</load_address>
         <run_address>0xffda</run_address>
         <size>0x2</size>
         <input_file_ref idref="fl-37"/>
      </object_component>
      <object_component id="oc-79">
         <name>.int38</name>
         <load_address>0xffdc</load_address>
         <run_address>0xffdc</run_address>
         <size>0x2</size>
         <input_file_ref idref="fl-38"/>
      </object_component>
      <object_component id="oc-7a">
         <name>.int39</name>
         <load_address>0xffde</load_address>
         <run_address>0xffde</run_address>
         <size>0x2</size>
         <input_file_ref idref="fl-39"/>
      </object_component>
      <object_component id="oc-7b">
         <name>.int40</name>
         <load_address>0xffe0</load_address>
         <run_address>0xffe0</run_address>
         <size>0x2</size>
         <input_file_ref idref="fl-3a"/>
      </object_component>
      <object_component id="oc-7c">
         <name>.int41</name>
         <load_address>0xffe2</load_address>
         <run_address>0xffe2</run_address>
         <size>0x2</size>
         <input_file_ref idref="fl-5"/>
      </object_component>
      <object_component id="oc-7d">
         <name>.int42</name>
         <load_address>0xffe4</load_address>
         <run_address>0xffe4</run_address>
         <size>0x2</size>
         <input_file_ref idref="fl-3b"/>
      </object_component>
      <object_component id="oc-7e">
         <name>.int43</name>
         <load_address>0xffe6</load_address>
         <run_address>0xffe6</run_address>
         <size>0x2</size>
         <input_file_ref idref="fl-3c"/>
      </object_component>
      <object_component id="oc-7f">
         <name>.int44</name>
         <load_address>0xffe8</load_address>
         <run_address>0xffe8</run_address>
         <size>0x2</size>
         <input_file_ref idref="fl-3d"/>
      </object_component>
      <object_component id="oc-80">
         <name>.int45</name>
         <load_address>0xffea</load_address>
         <run_address>0xffea</run_address>
         <size>0x2</size>
         <input_file_ref idref="fl-3e"/>
      </object_component>
      <object_component id="oc-81">
         <name>.int46</name>
         <load_address>0xffec</load_address>
         <run_address>0xffec</run_address>
         <size>0x2</size>
         <input_file_ref idref="fl-3f"/>
      </object_component>
      <object_component id="oc-82">
         <name>.int47</name>
         <load_address>0xffee</load_address>
         <run_address>0xffee</run_address>
         <size>0x2</size>
         <input_file_ref idref="fl-40"/>
      </object_component>
      <object_component id="oc-83">
         <name>.int48</name>
         <load_address>0xfff0</load_address>
         <run_address>0xfff0</run_address>
         <size>0x2</size>
         <input_file_ref idref="fl-41"/>
      </object_component>
      <object_component id="oc-84">
         <name>.int49</name>
         <load_address>0xfff2</load_address>
         <run_address>0xfff2</run_address>
         <size>0x2</size>
         <input_file_ref idref="fl-42"/>
      </object_component>
      <object_component id="oc-85">
         <name>.int50</name>
         <load_address>0xfff4</load_address>
         <run_address>0xfff4</run_address>
         <size>0x2</size>
         <input_file_ref idref="fl-43"/>
      </object_component>
      <object_component id="oc-86">
         <name>.int51</name>
         <load_address>0xfff6</load_address>
         <run_address>0xfff6</run_address>
         <size>0x2</size>
         <input_file_ref idref="fl-44"/>
      </object_component>
      <object_component id="oc-87">
         <name>.int52</name>
         <load_address>0xfff8</load_address>
         <run_address>0xfff8</run_address>
         <size>0x2</size>
         <input_file_ref idref="fl-45"/>
      </object_component>
      <object_component id="oc-88">
         <name>.int53</name>
         <load_address>0xfffa</load_address>
         <run_address>0xfffa</run_address>
         <size>0x2</size>
         <input_file_ref idref="fl-46"/>
      </object_component>
      <object_component id="oc-89">
         <name>.int54</name>
         <load_address>0xfffc</load_address>
         <run_address>0xfffc</run_address>
         <size>0x2</size>
         <input_file_ref idref="fl-47"/>
      </object_component>
      <object_component id="oc-2fe">
         <name>.reset</name>
         <load_address>0xfffe</load_address>
         <run_address>0xfffe</run_address>
         <size>0x2</size>
         <input_file_ref idref="fl-28"/>
      </object_component>
      <object_component id="oc-45b">
         <name>.debug_info</name>
         <load_address>0x0</load_address>
         <run_address>0x0</run_address>
         <size>0x28e</size>
         <input_file_ref idref="fl-2"/>
      </object_component>
      <object_component id="oc-460">
         <name>.debug_info</name>
         <load_address>0x28e</load_address>
         <run_address>0x28e</run_address>
         <size>0x77d</size>
         <input_file_ref idref="fl-2"/>
      </object_component>
      <object_component id="oc-466">
         <name>.debug_info</name>
         <load_address>0xa0b</load_address>
         <run_address>0xa0b</run_address>
         <size>0x65e</size>
         <input_file_ref idref="fl-2"/>
      </object_component>
      <object_component id="oc-46c">
         <name>.debug_info</name>
         <load_address>0x1069</load_address>
         <run_address>0x1069</run_address>
         <size>0x8c8</size>
         <input_file_ref idref="fl-2"/>
      </object_component>
      <object_component id="oc-473">
         <name>.debug_info</name>
         <load_address>0x1931</load_address>
         <run_address>0x1931</run_address>
         <size>0x1763</size>
         <input_file_ref idref="fl-2"/>
      </object_component>
      <object_component id="oc-3d0">
         <name>.debug_info</name>
         <load_address>0x3094</load_address>
         <run_address>0x3094</run_address>
         <size>0x18c</size>
         <input_file_ref idref="fl-2"/>
      </object_component>
      <object_component id="oc-3c9">
         <name>.debug_info</name>
         <load_address>0x3220</load_address>
         <run_address>0x3220</run_address>
         <size>0x1c3</size>
         <input_file_ref idref="fl-2"/>
      </object_component>
      <object_component id="oc-365">
         <name>.debug_info</name>
         <load_address>0x33e3</load_address>
         <run_address>0x33e3</run_address>
         <size>0x84</size>
         <input_file_ref idref="fl-2"/>
      </object_component>
      <object_component id="oc-4cd">
         <name>.debug_info</name>
         <load_address>0x3467</load_address>
         <run_address>0x3467</run_address>
         <size>0x18b</size>
         <input_file_ref idref="fl-2"/>
      </object_component>
      <object_component id="oc-455">
         <name>.debug_info</name>
         <load_address>0x35f2</load_address>
         <run_address>0x35f2</run_address>
         <size>0x2c</size>
         <input_file_ref idref="fl-2"/>
      </object_component>
      <object_component id="oc-503">
         <name>.debug_info</name>
         <load_address>0x361e</load_address>
         <run_address>0x361e</run_address>
         <size>0xd4</size>
         <input_file_ref idref="fl-3"/>
      </object_component>
      <object_component id="oc-4d8">
         <name>.debug_info</name>
         <load_address>0x36f2</load_address>
         <run_address>0x36f2</run_address>
         <size>0xe4</size>
         <input_file_ref idref="fl-3"/>
      </object_component>
      <object_component id="oc-4e2">
         <name>.debug_info</name>
         <load_address>0x37d6</load_address>
         <run_address>0x37d6</run_address>
         <size>0xe4</size>
         <input_file_ref idref="fl-3"/>
      </object_component>
      <object_component id="oc-4ea">
         <name>.debug_info</name>
         <load_address>0x38ba</load_address>
         <run_address>0x38ba</run_address>
         <size>0xe4</size>
         <input_file_ref idref="fl-3"/>
      </object_component>
      <object_component id="oc-452">
         <name>.debug_info</name>
         <load_address>0x399e</load_address>
         <run_address>0x399e</run_address>
         <size>0x1bb</size>
         <input_file_ref idref="fl-4"/>
      </object_component>
      <object_component id="oc-3c2">
         <name>.debug_info</name>
         <load_address>0x3b59</load_address>
         <run_address>0x3b59</run_address>
         <size>0xf3</size>
         <input_file_ref idref="fl-4"/>
      </object_component>
      <object_component id="oc-479">
         <name>.debug_info</name>
         <load_address>0x3c4c</load_address>
         <run_address>0x3c4c</run_address>
         <size>0xfb</size>
         <input_file_ref idref="fl-4"/>
      </object_component>
      <object_component id="oc-47c">
         <name>.debug_info</name>
         <load_address>0x3d47</load_address>
         <run_address>0x3d47</run_address>
         <size>0xfb</size>
         <input_file_ref idref="fl-4"/>
      </object_component>
      <object_component id="oc-47f">
         <name>.debug_info</name>
         <load_address>0x3e42</load_address>
         <run_address>0x3e42</run_address>
         <size>0x273</size>
         <input_file_ref idref="fl-4"/>
      </object_component>
      <object_component id="oc-3d5">
         <name>.debug_info</name>
         <load_address>0x40b5</load_address>
         <run_address>0x40b5</run_address>
         <size>0x18b</size>
         <input_file_ref idref="fl-4"/>
      </object_component>
      <object_component id="oc-3e1">
         <name>.debug_info</name>
         <load_address>0x4240</load_address>
         <run_address>0x4240</run_address>
         <size>0x69f</size>
         <input_file_ref idref="fl-5"/>
      </object_component>
      <object_component id="oc-375">
         <name>.debug_info</name>
         <load_address>0x48df</load_address>
         <run_address>0x48df</run_address>
         <size>0x246</size>
         <input_file_ref idref="fl-5"/>
      </object_component>
      <object_component id="oc-372">
         <name>.debug_info</name>
         <load_address>0x4b25</load_address>
         <run_address>0x4b25</run_address>
         <size>0x2e2</size>
         <input_file_ref idref="fl-5"/>
      </object_component>
      <object_component id="oc-383">
         <name>.debug_info</name>
         <load_address>0x4e07</load_address>
         <run_address>0x4e07</run_address>
         <size>0x2ba</size>
         <input_file_ref idref="fl-5"/>
      </object_component>
      <object_component id="oc-3e8">
         <name>.debug_info</name>
         <load_address>0x50c1</load_address>
         <run_address>0x50c1</run_address>
         <size>0xd7</size>
         <input_file_ref idref="fl-5"/>
      </object_component>
      <object_component id="oc-48d">
         <name>.debug_info</name>
         <load_address>0x5198</load_address>
         <run_address>0x5198</run_address>
         <size>0xd7</size>
         <input_file_ref idref="fl-5"/>
      </object_component>
      <object_component id="oc-3bc">
         <name>.debug_info</name>
         <load_address>0x526f</load_address>
         <run_address>0x526f</run_address>
         <size>0x21a</size>
         <input_file_ref idref="fl-5"/>
      </object_component>
      <object_component id="oc-444">
         <name>.debug_info</name>
         <load_address>0x5489</load_address>
         <run_address>0x5489</run_address>
         <size>0x1c3</size>
         <input_file_ref idref="fl-5"/>
      </object_component>
      <object_component id="oc-42c">
         <name>.debug_info</name>
         <load_address>0x564c</load_address>
         <run_address>0x564c</run_address>
         <size>0x130</size>
         <input_file_ref idref="fl-5"/>
      </object_component>
      <object_component id="oc-432">
         <name>.debug_info</name>
         <load_address>0x577c</load_address>
         <run_address>0x577c</run_address>
         <size>0x132</size>
         <input_file_ref idref="fl-5"/>
      </object_component>
      <object_component id="oc-386">
         <name>.debug_info</name>
         <load_address>0x58ae</load_address>
         <run_address>0x58ae</run_address>
         <size>0x134</size>
         <input_file_ref idref="fl-5"/>
      </object_component>
      <object_component id="oc-4be">
         <name>.debug_info</name>
         <load_address>0x59e2</load_address>
         <run_address>0x59e2</run_address>
         <size>0x114</size>
         <input_file_ref idref="fl-5"/>
      </object_component>
      <object_component id="oc-43e">
         <name>.debug_info</name>
         <load_address>0x5af6</load_address>
         <run_address>0x5af6</run_address>
         <size>0x155</size>
         <input_file_ref idref="fl-5"/>
      </object_component>
      <object_component id="oc-4a6">
         <name>.debug_info</name>
         <load_address>0x5c4b</load_address>
         <run_address>0x5c4b</run_address>
         <size>0x151</size>
         <input_file_ref idref="fl-5"/>
      </object_component>
      <object_component id="oc-438">
         <name>.debug_info</name>
         <load_address>0x5d9c</load_address>
         <run_address>0x5d9c</run_address>
         <size>0x1f2</size>
         <input_file_ref idref="fl-5"/>
      </object_component>
      <object_component id="oc-37d">
         <name>.debug_info</name>
         <load_address>0x5f8e</load_address>
         <run_address>0x5f8e</run_address>
         <size>0x12c</size>
         <input_file_ref idref="fl-5"/>
      </object_component>
      <object_component id="oc-38c">
         <name>.debug_info</name>
         <load_address>0x60ba</load_address>
         <run_address>0x60ba</run_address>
         <size>0x143</size>
         <input_file_ref idref="fl-5"/>
      </object_component>
      <object_component id="oc-4ac">
         <name>.debug_info</name>
         <load_address>0x61fd</load_address>
         <run_address>0x61fd</run_address>
         <size>0x157</size>
         <input_file_ref idref="fl-5"/>
      </object_component>
      <object_component id="oc-44a">
         <name>.debug_info</name>
         <load_address>0x6354</load_address>
         <run_address>0x6354</run_address>
         <size>0x131</size>
         <input_file_ref idref="fl-5"/>
      </object_component>
      <object_component id="oc-3ef">
         <name>.debug_info</name>
         <load_address>0x6485</load_address>
         <run_address>0x6485</run_address>
         <size>0x11c</size>
         <input_file_ref idref="fl-5"/>
      </object_component>
      <object_component id="oc-3f5">
         <name>.debug_info</name>
         <load_address>0x65a1</load_address>
         <run_address>0x65a1</run_address>
         <size>0x126</size>
         <input_file_ref idref="fl-5"/>
      </object_component>
      <object_component id="oc-4c5">
         <name>.debug_info</name>
         <load_address>0x66c7</load_address>
         <run_address>0x66c7</run_address>
         <size>0x12c</size>
         <input_file_ref idref="fl-5"/>
      </object_component>
      <object_component id="oc-31e">
         <name>.debug_info</name>
         <load_address>0x67f3</load_address>
         <run_address>0x67f3</run_address>
         <size>0x215</size>
         <input_file_ref idref="fl-5"/>
      </object_component>
      <object_component id="oc-324">
         <name>.debug_info</name>
         <load_address>0x6a08</load_address>
         <run_address>0x6a08</run_address>
         <size>0x127</size>
         <input_file_ref idref="fl-5"/>
      </object_component>
      <object_component id="oc-3c5">
         <name>.debug_info</name>
         <load_address>0x6b2f</load_address>
         <run_address>0x6b2f</run_address>
         <size>0x32c</size>
         <input_file_ref idref="fl-6"/>
      </object_component>
      <object_component id="oc-3da">
         <name>.debug_info</name>
         <load_address>0x6e5b</load_address>
         <run_address>0x6e5b</run_address>
         <size>0xfa</size>
         <input_file_ref idref="fl-6"/>
      </object_component>
      <object_component id="oc-350">
         <name>.debug_info</name>
         <load_address>0x6f55</load_address>
         <run_address>0x6f55</run_address>
         <size>0x18e</size>
         <input_file_ref idref="fl-6"/>
      </object_component>
      <object_component id="oc-4dc">
         <name>.debug_info</name>
         <load_address>0x70e3</load_address>
         <run_address>0x70e3</run_address>
         <size>0x11f</size>
         <input_file_ref idref="fl-27"/>
      </object_component>
      <object_component id="oc-2fc">
         <name>.debug_info</name>
         <load_address>0x7202</load_address>
         <run_address>0x7202</run_address>
         <size>0xf6</size>
         <input_file_ref idref="fl-28"/>
      </object_component>
      <object_component id="oc-ac">
         <name>.debug_info</name>
         <load_address>0x72f8</load_address>
         <run_address>0x72f8</run_address>
         <size>0x197</size>
         <input_file_ref idref="fl-29"/>
      </object_component>
      <object_component id="oc-30a">
         <name>.debug_info</name>
         <load_address>0x748f</load_address>
         <run_address>0x748f</run_address>
         <size>0x1d0</size>
         <input_file_ref idref="fl-2a"/>
      </object_component>
      <object_component id="oc-69">
         <name>.debug_info</name>
         <load_address>0x765f</load_address>
         <run_address>0x765f</run_address>
         <size>0x1e8</size>
         <input_file_ref idref="fl-2a"/>
      </object_component>
      <object_component id="oc-305">
         <name>.debug_info</name>
         <load_address>0x7847</load_address>
         <run_address>0x7847</run_address>
         <size>0x46</size>
         <input_file_ref idref="fl-2a"/>
      </object_component>
      <object_component id="oc-312">
         <name>.debug_info</name>
         <load_address>0x788d</load_address>
         <run_address>0x788d</run_address>
         <size>0x1d5</size>
         <input_file_ref idref="fl-2b"/>
      </object_component>
      <object_component id="oc-30e">
         <name>.debug_info</name>
         <load_address>0x7a62</load_address>
         <run_address>0x7a62</run_address>
         <size>0x2c1</size>
         <input_file_ref idref="fl-2b"/>
      </object_component>
      <object_component id="oc-70">
         <name>.debug_info</name>
         <load_address>0x7d23</load_address>
         <run_address>0x7d23</run_address>
         <size>0x1c1</size>
         <input_file_ref idref="fl-2b"/>
      </object_component>
      <object_component id="oc-313">
         <name>.debug_info</name>
         <load_address>0x7ee4</load_address>
         <run_address>0x7ee4</run_address>
         <size>0x39</size>
         <input_file_ref idref="fl-2b"/>
      </object_component>
      <object_component id="oc-301">
         <name>.debug_info</name>
         <load_address>0x7f1d</load_address>
         <run_address>0x7f1d</run_address>
         <size>0x11a</size>
         <input_file_ref idref="fl-2d"/>
      </object_component>
      <object_component id="oc-4b9">
         <name>.debug_info</name>
         <load_address>0x8037</load_address>
         <run_address>0x8037</run_address>
         <size>0x131</size>
         <input_file_ref idref="fl-2e"/>
      </object_component>
      <object_component id="oc-4fa">
         <name>.debug_info</name>
         <load_address>0x8168</load_address>
         <run_address>0x8168</run_address>
         <size>0x11c</size>
         <input_file_ref idref="fl-2f"/>
      </object_component>
      <object_component id="oc-35a">
         <name>.debug_info</name>
         <load_address>0x8284</load_address>
         <run_address>0x8284</run_address>
         <size>0x118</size>
         <input_file_ref idref="fl-30"/>
      </object_component>
      <object_component id="oc-319">
         <name>.debug_info</name>
         <load_address>0x839c</load_address>
         <run_address>0x839c</run_address>
         <size>0x108</size>
         <input_file_ref idref="fl-48"/>
      </object_component>
      <object_component id="oc-4e6">
         <name>.debug_info</name>
         <load_address>0x84a4</load_address>
         <run_address>0x84a4</run_address>
         <size>0x12d</size>
         <input_file_ref idref="fl-4c"/>
      </object_component>
      <object_component id="oc-378">
         <name>.debug_info</name>
         <load_address>0x85d1</load_address>
         <run_address>0x85d1</run_address>
         <size>0x129</size>
         <input_file_ref idref="fl-4d"/>
      </object_component>
      <object_component id="oc-4b3">
         <name>.debug_info</name>
         <load_address>0x86fa</load_address>
         <run_address>0x86fa</run_address>
         <size>0x129</size>
         <input_file_ref idref="fl-50"/>
      </object_component>
      <object_component id="oc-330">
         <name>.debug_info</name>
         <load_address>0x8823</load_address>
         <run_address>0x8823</run_address>
         <size>0x149</size>
         <input_file_ref idref="fl-52"/>
      </object_component>
      <object_component id="oc-3a1">
         <name>.debug_info</name>
         <load_address>0x896c</load_address>
         <run_address>0x896c</run_address>
         <size>0x403</size>
         <input_file_ref idref="fl-55"/>
      </object_component>
      <object_component id="oc-336">
         <name>.debug_info</name>
         <load_address>0x8d6f</load_address>
         <run_address>0x8d6f</run_address>
         <size>0x223</size>
         <input_file_ref idref="fl-55"/>
      </object_component>
      <object_component id="oc-406">
         <name>.debug_info</name>
         <load_address>0x8f92</load_address>
         <run_address>0x8f92</run_address>
         <size>0x39</size>
         <input_file_ref idref="fl-55"/>
      </object_component>
      <object_component id="oc-3a2">
         <name>.debug_info</name>
         <load_address>0x8fcb</load_address>
         <run_address>0x8fcb</run_address>
         <size>0x2c</size>
         <input_file_ref idref="fl-55"/>
      </object_component>
      <object_component id="oc-40b">
         <name>.debug_info</name>
         <load_address>0x8ff7</load_address>
         <run_address>0x8ff7</run_address>
         <size>0xcd</size>
         <input_file_ref idref="fl-55"/>
      </object_component>
      <object_component id="oc-402">
         <name>.debug_info</name>
         <load_address>0x90c4</load_address>
         <run_address>0x90c4</run_address>
         <size>0x2ad</size>
         <input_file_ref idref="fl-56"/>
      </object_component>
      <object_component id="oc-397">
         <name>.debug_info</name>
         <load_address>0x9371</load_address>
         <run_address>0x9371</run_address>
         <size>0x20d</size>
         <input_file_ref idref="fl-56"/>
      </object_component>
      <object_component id="oc-499">
         <name>.debug_info</name>
         <load_address>0x957e</load_address>
         <run_address>0x957e</run_address>
         <size>0x2c</size>
         <input_file_ref idref="fl-56"/>
      </object_component>
      <object_component id="oc-492">
         <name>.debug_info</name>
         <load_address>0x95aa</load_address>
         <run_address>0x95aa</run_address>
         <size>0x2c</size>
         <input_file_ref idref="fl-56"/>
      </object_component>
      <object_component id="oc-491">
         <name>.debug_info</name>
         <load_address>0x95d6</load_address>
         <run_address>0x95d6</run_address>
         <size>0x16e</size>
         <input_file_ref idref="fl-57"/>
      </object_component>
      <object_component id="oc-3fd">
         <name>.debug_info</name>
         <load_address>0x9744</load_address>
         <run_address>0x9744</run_address>
         <size>0x192</size>
         <input_file_ref idref="fl-57"/>
      </object_component>
      <object_component id="oc-39b">
         <name>.debug_info</name>
         <load_address>0x98d6</load_address>
         <run_address>0x98d6</run_address>
         <size>0x146</size>
         <input_file_ref idref="fl-58"/>
      </object_component>
      <object_component id="oc-56d">
         <name>.debug_info</name>
         <load_address>0x9a1c</load_address>
         <run_address>0x9a1c</run_address>
         <size>0xac</size>
      </object_component>
      <object_component id="oc-4d3">
         <name>.debug_line</name>
         <load_address>0x0</load_address>
         <run_address>0x0</run_address>
         <size>0x43</size>
         <input_file_ref idref="fl-2"/>
      </object_component>
      <object_component id="oc-464">
         <name>.debug_line</name>
         <load_address>0x43</load_address>
         <run_address>0x43</run_address>
         <size>0x47</size>
         <input_file_ref idref="fl-2"/>
      </object_component>
      <object_component id="oc-469">
         <name>.debug_line</name>
         <load_address>0x8a</load_address>
         <run_address>0x8a</run_address>
         <size>0x47</size>
         <input_file_ref idref="fl-2"/>
      </object_component>
      <object_component id="oc-470">
         <name>.debug_line</name>
         <load_address>0xd1</load_address>
         <run_address>0xd1</run_address>
         <size>0x48</size>
         <input_file_ref idref="fl-2"/>
      </object_component>
      <object_component id="oc-472">
         <name>.debug_line</name>
         <load_address>0x119</load_address>
         <run_address>0x119</run_address>
         <size>0x49</size>
         <input_file_ref idref="fl-2"/>
      </object_component>
      <object_component id="oc-3cf">
         <name>.debug_line</name>
         <load_address>0x162</load_address>
         <run_address>0x162</run_address>
         <size>0x47</size>
         <input_file_ref idref="fl-2"/>
      </object_component>
      <object_component id="oc-3cc">
         <name>.debug_line</name>
         <load_address>0x1a9</load_address>
         <run_address>0x1a9</run_address>
         <size>0x45</size>
         <input_file_ref idref="fl-2"/>
      </object_component>
      <object_component id="oc-368">
         <name>.debug_line</name>
         <load_address>0x1ee</load_address>
         <run_address>0x1ee</run_address>
         <size>0x20</size>
         <input_file_ref idref="fl-2"/>
      </object_component>
      <object_component id="oc-4d0">
         <name>.debug_line</name>
         <load_address>0x20e</load_address>
         <run_address>0x20e</run_address>
         <size>0x62</size>
         <input_file_ref idref="fl-2"/>
      </object_component>
      <object_component id="oc-458">
         <name>.debug_line</name>
         <load_address>0x270</load_address>
         <run_address>0x270</run_address>
         <size>0x36</size>
         <input_file_ref idref="fl-2"/>
      </object_component>
      <object_component id="oc-50c">
         <name>.debug_line</name>
         <load_address>0x2a6</load_address>
         <run_address>0x2a6</run_address>
         <size>0x20</size>
         <input_file_ref idref="fl-3"/>
      </object_component>
      <object_component id="oc-502">
         <name>.debug_line</name>
         <load_address>0x2c6</load_address>
         <run_address>0x2c6</run_address>
         <size>0x35</size>
         <input_file_ref idref="fl-3"/>
      </object_component>
      <object_component id="oc-506">
         <name>.debug_line</name>
         <load_address>0x2fb</load_address>
         <run_address>0x2fb</run_address>
         <size>0x35</size>
         <input_file_ref idref="fl-3"/>
      </object_component>
      <object_component id="oc-509">
         <name>.debug_line</name>
         <load_address>0x330</load_address>
         <run_address>0x330</run_address>
         <size>0x35</size>
         <input_file_ref idref="fl-3"/>
      </object_component>
      <object_component id="oc-4cc">
         <name>.debug_line</name>
         <load_address>0x365</load_address>
         <run_address>0x365</run_address>
         <size>0x2e</size>
         <input_file_ref idref="fl-4"/>
      </object_component>
      <object_component id="oc-451">
         <name>.debug_line</name>
         <load_address>0x393</load_address>
         <run_address>0x393</run_address>
         <size>0x3a</size>
         <input_file_ref idref="fl-4"/>
      </object_component>
      <object_component id="oc-4ee">
         <name>.debug_line</name>
         <load_address>0x3cd</load_address>
         <run_address>0x3cd</run_address>
         <size>0x3a</size>
         <input_file_ref idref="fl-4"/>
      </object_component>
      <object_component id="oc-4f0">
         <name>.debug_line</name>
         <load_address>0x407</load_address>
         <run_address>0x407</run_address>
         <size>0x3a</size>
         <input_file_ref idref="fl-4"/>
      </object_component>
      <object_component id="oc-483">
         <name>.debug_line</name>
         <load_address>0x441</load_address>
         <run_address>0x441</run_address>
         <size>0x67</size>
         <input_file_ref idref="fl-4"/>
      </object_component>
      <object_component id="oc-3d4">
         <name>.debug_line</name>
         <load_address>0x4a8</load_address>
         <run_address>0x4a8</run_address>
         <size>0x50</size>
         <input_file_ref idref="fl-4"/>
      </object_component>
      <object_component id="oc-488">
         <name>.debug_line</name>
         <load_address>0x4f8</load_address>
         <run_address>0x4f8</run_address>
         <size>0xb0</size>
         <input_file_ref idref="fl-5"/>
      </object_component>
      <object_component id="oc-3e4">
         <name>.debug_line</name>
         <load_address>0x5a8</load_address>
         <run_address>0x5a8</run_address>
         <size>0x48</size>
         <input_file_ref idref="fl-5"/>
      </object_component>
      <object_component id="oc-3e0">
         <name>.debug_line</name>
         <load_address>0x5f0</load_address>
         <run_address>0x5f0</run_address>
         <size>0x34</size>
         <input_file_ref idref="fl-5"/>
      </object_component>
      <object_component id="oc-3ec">
         <name>.debug_line</name>
         <load_address>0x624</load_address>
         <run_address>0x624</run_address>
         <size>0x34</size>
         <input_file_ref idref="fl-5"/>
      </object_component>
      <object_component id="oc-48a">
         <name>.debug_line</name>
         <load_address>0x658</load_address>
         <run_address>0x658</run_address>
         <size>0x34</size>
         <input_file_ref idref="fl-5"/>
      </object_component>
      <object_component id="oc-4f3">
         <name>.debug_line</name>
         <load_address>0x68c</load_address>
         <run_address>0x68c</run_address>
         <size>0x34</size>
         <input_file_ref idref="fl-5"/>
      </object_component>
      <object_component id="oc-3bf">
         <name>.debug_line</name>
         <load_address>0x6c0</load_address>
         <run_address>0x6c0</run_address>
         <size>0x10d</size>
         <input_file_ref idref="fl-5"/>
      </object_component>
      <object_component id="oc-447">
         <name>.debug_line</name>
         <load_address>0x7cd</load_address>
         <run_address>0x7cd</run_address>
         <size>0x70</size>
         <input_file_ref idref="fl-5"/>
      </object_component>
      <object_component id="oc-42f">
         <name>.debug_line</name>
         <load_address>0x83d</load_address>
         <run_address>0x83d</run_address>
         <size>0x5d</size>
         <input_file_ref idref="fl-5"/>
      </object_component>
      <object_component id="oc-435">
         <name>.debug_line</name>
         <load_address>0x89a</load_address>
         <run_address>0x89a</run_address>
         <size>0x4f</size>
         <input_file_ref idref="fl-5"/>
      </object_component>
      <object_component id="oc-389">
         <name>.debug_line</name>
         <load_address>0x8e9</load_address>
         <run_address>0x8e9</run_address>
         <size>0x50</size>
         <input_file_ref idref="fl-5"/>
      </object_component>
      <object_component id="oc-4c1">
         <name>.debug_line</name>
         <load_address>0x939</load_address>
         <run_address>0x939</run_address>
         <size>0x50</size>
         <input_file_ref idref="fl-5"/>
      </object_component>
      <object_component id="oc-441">
         <name>.debug_line</name>
         <load_address>0x989</load_address>
         <run_address>0x989</run_address>
         <size>0x5e</size>
         <input_file_ref idref="fl-5"/>
      </object_component>
      <object_component id="oc-4a9">
         <name>.debug_line</name>
         <load_address>0x9e7</load_address>
         <run_address>0x9e7</run_address>
         <size>0x5c</size>
         <input_file_ref idref="fl-5"/>
      </object_component>
      <object_component id="oc-43b">
         <name>.debug_line</name>
         <load_address>0xa43</load_address>
         <run_address>0xa43</run_address>
         <size>0x8e</size>
         <input_file_ref idref="fl-5"/>
      </object_component>
      <object_component id="oc-380">
         <name>.debug_line</name>
         <load_address>0xad1</load_address>
         <run_address>0xad1</run_address>
         <size>0x73</size>
         <input_file_ref idref="fl-5"/>
      </object_component>
      <object_component id="oc-38f">
         <name>.debug_line</name>
         <load_address>0xb44</load_address>
         <run_address>0xb44</run_address>
         <size>0x69</size>
         <input_file_ref idref="fl-5"/>
      </object_component>
      <object_component id="oc-4af">
         <name>.debug_line</name>
         <load_address>0xbad</load_address>
         <run_address>0xbad</run_address>
         <size>0x5e</size>
         <input_file_ref idref="fl-5"/>
      </object_component>
      <object_component id="oc-44d">
         <name>.debug_line</name>
         <load_address>0xc0b</load_address>
         <run_address>0xc0b</run_address>
         <size>0x8c</size>
         <input_file_ref idref="fl-5"/>
      </object_component>
      <object_component id="oc-3f2">
         <name>.debug_line</name>
         <load_address>0xc97</load_address>
         <run_address>0xc97</run_address>
         <size>0x62</size>
         <input_file_ref idref="fl-5"/>
      </object_component>
      <object_component id="oc-3f8">
         <name>.debug_line</name>
         <load_address>0xcf9</load_address>
         <run_address>0xcf9</run_address>
         <size>0x54</size>
         <input_file_ref idref="fl-5"/>
      </object_component>
      <object_component id="oc-4c8">
         <name>.debug_line</name>
         <load_address>0xd4d</load_address>
         <run_address>0xd4d</run_address>
         <size>0xb6</size>
         <input_file_ref idref="fl-5"/>
      </object_component>
      <object_component id="oc-321">
         <name>.debug_line</name>
         <load_address>0xe03</load_address>
         <run_address>0xe03</run_address>
         <size>0xe4</size>
         <input_file_ref idref="fl-5"/>
      </object_component>
      <object_component id="oc-327">
         <name>.debug_line</name>
         <load_address>0xee7</load_address>
         <run_address>0xee7</run_address>
         <size>0x4f</size>
         <input_file_ref idref="fl-5"/>
      </object_component>
      <object_component id="oc-454">
         <name>.debug_line</name>
         <load_address>0xf36</load_address>
         <run_address>0xf36</run_address>
         <size>0x8b</size>
         <input_file_ref idref="fl-6"/>
      </object_component>
      <object_component id="oc-486">
         <name>.debug_line</name>
         <load_address>0xfc1</load_address>
         <run_address>0xfc1</run_address>
         <size>0x2d</size>
         <input_file_ref idref="fl-6"/>
      </object_component>
      <object_component id="oc-353">
         <name>.debug_line</name>
         <load_address>0xfee</load_address>
         <run_address>0xfee</run_address>
         <size>0x71</size>
         <input_file_ref idref="fl-6"/>
      </object_component>
      <object_component id="oc-4de">
         <name>.debug_line</name>
         <load_address>0x105f</load_address>
         <run_address>0x105f</run_address>
         <size>0x56</size>
         <input_file_ref idref="fl-27"/>
      </object_component>
      <object_component id="oc-364">
         <name>.debug_line</name>
         <load_address>0x10b5</load_address>
         <run_address>0x10b5</run_address>
         <size>0x2a</size>
         <input_file_ref idref="fl-28"/>
      </object_component>
      <object_component id="oc-ab">
         <name>.debug_line</name>
         <load_address>0x10df</load_address>
         <run_address>0x10df</run_address>
         <size>0x4c</size>
         <input_file_ref idref="fl-29"/>
      </object_component>
      <object_component id="oc-36c">
         <name>.debug_line</name>
         <load_address>0x112b</load_address>
         <run_address>0x112b</run_address>
         <size>0x3a</size>
         <input_file_ref idref="fl-2a"/>
      </object_component>
      <object_component id="oc-6b">
         <name>.debug_line</name>
         <load_address>0x1165</load_address>
         <run_address>0x1165</run_address>
         <size>0x50</size>
         <input_file_ref idref="fl-2a"/>
      </object_component>
      <object_component id="oc-308">
         <name>.debug_line</name>
         <load_address>0x11b5</load_address>
         <run_address>0x11b5</run_address>
         <size>0x3a</size>
         <input_file_ref idref="fl-2a"/>
      </object_component>
      <object_component id="oc-36f">
         <name>.debug_line</name>
         <load_address>0x11ef</load_address>
         <run_address>0x11ef</run_address>
         <size>0x20</size>
         <input_file_ref idref="fl-2b"/>
      </object_component>
      <object_component id="oc-30c">
         <name>.debug_line</name>
         <load_address>0x120f</load_address>
         <run_address>0x120f</run_address>
         <size>0x87</size>
         <input_file_ref idref="fl-2b"/>
      </object_component>
      <object_component id="oc-6d">
         <name>.debug_line</name>
         <load_address>0x1296</load_address>
         <run_address>0x1296</run_address>
         <size>0x4c</size>
         <input_file_ref idref="fl-2b"/>
      </object_component>
      <object_component id="oc-316">
         <name>.debug_line</name>
         <load_address>0x12e2</load_address>
         <run_address>0x12e2</run_address>
         <size>0x39</size>
         <input_file_ref idref="fl-2b"/>
      </object_component>
      <object_component id="oc-303">
         <name>.debug_line</name>
         <load_address>0x131b</load_address>
         <run_address>0x131b</run_address>
         <size>0x52</size>
         <input_file_ref idref="fl-2d"/>
      </object_component>
      <object_component id="oc-4b8">
         <name>.debug_line</name>
         <load_address>0x136d</load_address>
         <run_address>0x136d</run_address>
         <size>0x5a</size>
         <input_file_ref idref="fl-2e"/>
      </object_component>
      <object_component id="oc-4fd">
         <name>.debug_line</name>
         <load_address>0x13c7</load_address>
         <run_address>0x13c7</run_address>
         <size>0x64</size>
         <input_file_ref idref="fl-2f"/>
      </object_component>
      <object_component id="oc-358">
         <name>.debug_line</name>
         <load_address>0x142b</load_address>
         <run_address>0x142b</run_address>
         <size>0x3d</size>
         <input_file_ref idref="fl-30"/>
      </object_component>
      <object_component id="oc-31c">
         <name>.debug_line</name>
         <load_address>0x1468</load_address>
         <run_address>0x1468</run_address>
         <size>0x3d</size>
         <input_file_ref idref="fl-48"/>
      </object_component>
      <object_component id="oc-4e5">
         <name>.debug_line</name>
         <load_address>0x14a5</load_address>
         <run_address>0x14a5</run_address>
         <size>0x49</size>
         <input_file_ref idref="fl-4c"/>
      </object_component>
      <object_component id="oc-37b">
         <name>.debug_line</name>
         <load_address>0x14ee</load_address>
         <run_address>0x14ee</run_address>
         <size>0x46</size>
         <input_file_ref idref="fl-4d"/>
      </object_component>
      <object_component id="oc-4b2">
         <name>.debug_line</name>
         <load_address>0x1534</load_address>
         <run_address>0x1534</run_address>
         <size>0x49</size>
         <input_file_ref idref="fl-50"/>
      </object_component>
      <object_component id="oc-334">
         <name>.debug_line</name>
         <load_address>0x157d</load_address>
         <run_address>0x157d</run_address>
         <size>0x3e</size>
         <input_file_ref idref="fl-52"/>
      </object_component>
      <object_component id="oc-405">
         <name>.debug_line</name>
         <load_address>0x15bb</load_address>
         <run_address>0x15bb</run_address>
         <size>0xbb</size>
         <input_file_ref idref="fl-55"/>
      </object_component>
      <object_component id="oc-339">
         <name>.debug_line</name>
         <load_address>0x1676</load_address>
         <run_address>0x1676</run_address>
         <size>0xa7</size>
         <input_file_ref idref="fl-55"/>
      </object_component>
      <object_component id="oc-409">
         <name>.debug_line</name>
         <load_address>0x171d</load_address>
         <run_address>0x171d</run_address>
         <size>0x2e</size>
         <input_file_ref idref="fl-55"/>
      </object_component>
      <object_component id="oc-3a5">
         <name>.debug_line</name>
         <load_address>0x174b</load_address>
         <run_address>0x174b</run_address>
         <size>0x8a</size>
         <input_file_ref idref="fl-55"/>
      </object_component>
      <object_component id="oc-40e">
         <name>.debug_line</name>
         <load_address>0x17d5</load_address>
         <run_address>0x17d5</run_address>
         <size>0x8b</size>
         <input_file_ref idref="fl-55"/>
      </object_component>
      <object_component id="oc-498">
         <name>.debug_line</name>
         <load_address>0x1860</load_address>
         <run_address>0x1860</run_address>
         <size>0xa5</size>
         <input_file_ref idref="fl-56"/>
      </object_component>
      <object_component id="oc-395">
         <name>.debug_line</name>
         <load_address>0x1905</load_address>
         <run_address>0x1905</run_address>
         <size>0x70</size>
         <input_file_ref idref="fl-56"/>
      </object_component>
      <object_component id="oc-49c">
         <name>.debug_line</name>
         <load_address>0x1975</load_address>
         <run_address>0x1975</run_address>
         <size>0x2e</size>
         <input_file_ref idref="fl-56"/>
      </object_component>
      <object_component id="oc-495">
         <name>.debug_line</name>
         <load_address>0x19a3</load_address>
         <run_address>0x19a3</run_address>
         <size>0x8a</size>
         <input_file_ref idref="fl-56"/>
      </object_component>
      <object_component id="oc-4f5">
         <name>.debug_line</name>
         <load_address>0x1a2d</load_address>
         <run_address>0x1a2d</run_address>
         <size>0x20</size>
         <input_file_ref idref="fl-57"/>
      </object_component>
      <object_component id="oc-3fc">
         <name>.debug_line</name>
         <load_address>0x1a4d</load_address>
         <run_address>0x1a4d</run_address>
         <size>0x45</size>
         <input_file_ref idref="fl-57"/>
      </object_component>
      <object_component id="oc-39e">
         <name>.debug_line</name>
         <load_address>0x1a92</load_address>
         <run_address>0x1a92</run_address>
         <size>0x3a</size>
         <input_file_ref idref="fl-58"/>
      </object_component>
      <object_component id="oc-463">
         <name>.debug_frame</name>
         <load_address>0x0</load_address>
         <run_address>0x0</run_address>
         <size>0x47</size>
         <input_file_ref idref="fl-2"/>
      </object_component>
      <object_component id="oc-46a">
         <name>.debug_frame</name>
         <load_address>0x47</load_address>
         <run_address>0x47</run_address>
         <size>0x57</size>
         <input_file_ref idref="fl-2"/>
      </object_component>
      <object_component id="oc-46f">
         <name>.debug_frame</name>
         <load_address>0x9e</load_address>
         <run_address>0x9e</run_address>
         <size>0x50</size>
         <input_file_ref idref="fl-2"/>
      </object_component>
      <object_component id="oc-476">
         <name>.debug_frame</name>
         <load_address>0xee</load_address>
         <run_address>0xee</run_address>
         <size>0x69</size>
         <input_file_ref idref="fl-2"/>
      </object_component>
      <object_component id="oc-3ce">
         <name>.debug_frame</name>
         <load_address>0x157</load_address>
         <run_address>0x157</run_address>
         <size>0x47</size>
         <input_file_ref idref="fl-2"/>
      </object_component>
      <object_component id="oc-3c8">
         <name>.debug_frame</name>
         <load_address>0x19e</load_address>
         <run_address>0x19e</run_address>
         <size>0x47</size>
         <input_file_ref idref="fl-2"/>
      </object_component>
      <object_component id="oc-482">
[...]
         <value>0xc406</value>
         <object_component_ref idref="oc-371"/>
      </symbol>
      <symbol id="sm-411">
         <name>set</name>
         <value>0xc3e8</value>
         <object_component_ref idref="oc-382"/>
      </symbol>
      <symbol id="sm-412">
         <name>Vmon</name>
         <value>0x1f24</value>
         <object_component_ref idref="oc-374"/>
      </symbol>
      <symbol id="sm-413">
         <name>Restore</name>
         <value>0xdb98</value>
         <object_component_ref idref="oc-449"/>
      </symbol>
      <symbol id="sm-414">
         <name>V_monitor</name>
         <value>0xc3fc</value>
         <object_component_ref idref="oc-371"/>
      </symbol>
      <symbol id="sm-415">
         <name>RAM_copy_ptr</name>
         <value>0xc3f2</value>
         <object_component_ref idref="oc-371"/>
      </symbol>
      <symbol id="sm-416">
         <name>Counter</name>
         <value>0xc402</value>
         <object_component_ref idref="oc-371"/>
      </symbol>
      <symbol id="sm-417">
         <name>__TI_int41</name>
         <value>0xffe2</value>
         <object_component_ref idref="oc-7c"/>
      </symbol>
      <symbol id="sm-418">
         <name>Set_V</name>
         <value>0xde1a</value>
         <object_component_ref idref="oc-37c"/>
      </symbol>
      <symbol id="sm-419">
         <name>saved</name>
         <value>0xc3e6</value>
         <object_component_ref idref="oc-382"/>
      </symbol>
      <symbol id="sm-41a">
         <name>counter_check_reg</name>
         <value>0xc3dc</value>
         <object_component_ref idref="oc-382"/>
      </symbol>
      <symbol id="sm-41b">
         <name>Vmonitor</name>
         <value>0xe008</value>
         <object_component_ref idref="oc-43d"/>
      </symbol>
      <symbol id="sm-41c">
         <name>Port_2</name>
         <value>0xd462</value>
         <object_component_ref idref="oc-31d"/>
      </symbol>
      <symbol id="sm-41d">
         <name>t</name>
         <value>0xc200</value>
         <object_component_ref idref="oc-382"/>
      </symbol>
      <symbol id="sm-41e">
         <name>h</name>
         <value>0x1f2c</value>
         <object_component_ref idref="oc-374"/>
      </symbol>
      <symbol id="sm-41f">
         <name>c</name>
         <value>0xc3ea</value>
         <object_component_ref idref="oc-382"/>
      </symbol>
      <symbol id="sm-420">
         <name>SystemInit</name>
         <value>0xd200</value>
         <object_component_ref idref="oc-3bb"/>
      </symbol>
      <symbol id="sm-421">
         <name>prova</name>
         <value>0xc3e2</value>
         <object_component_ref idref="oc-382"/>
      </symbol>
      <symbol id="sm-422">
         <name>gen</name>
         <value>0xca3a</value>
         <object_component_ref idref="oc-48c"/>
      </symbol>
      <symbol id="sm-423">
         <name>FLAG_V_monitor</name>
         <value>0xc3f4</value>
         <object_component_ref idref="oc-371"/>
      </symbol>
      <symbol id="sm-424">
         <name>GPIO_configuration</name>
         <value>0xe2f6</value>
         <object_component_ref idref="oc-42b"/>
      </symbol>
      <symbol id="sm-425">
         <name>Vmax</name>
         <value>0x1f20</value>
         <object_component_ref idref="oc-374"/>
      </symbol>
      <symbol id="sm-426">
         <name>FLAG_interrupt</name>
         <value>0xc3fa</value>
         <object_component_ref idref="oc-371"/>
      </symbol>
      <symbol id="sm-427">
         <name>ADCResult</name>
         <value>0x1f0a</value>
         <object_component_ref idref="oc-374"/>
      </symbol>
      <symbol id="sm-428">
         <name>Timer1_A0_ISR</name>
         <value>0xe612</value>
         <object_component_ref idref="oc-323"/>
      </symbol>
      <symbol id="sm-429">
         <name>FRAM_write_ptr</name>
         <value>0xc3f0</value>
         <object_component_ref idref="oc-371"/>
      </symbol>
      <symbol id="sm-42a">
         <name>Save_Register</name>
         <value>0xe4fc</value>
         <object_component_ref idref="oc-3f4"/>
      </symbol>
      <symbol id="sm-42b">
         <name>CheckPoint_calibrate</name>
         <value>0xe29a</value>
         <object_component_ref idref="oc-4ab"/>
      </symbol>
      <symbol id="sm-42c">
         <name>Test</name>
         <value>0xda96</value>
         <object_component_ref idref="oc-443"/>
      </symbol>
      <symbol id="sm-42d">
         <name>current_SP</name>
         <value>0xc204</value>
         <object_component_ref idref="oc-382"/>
      </symbol>
      <symbol id="sm-42e">
         <name>StartAddress</name>
         <value>0x1f30</value>
         <object_component_ref idref="oc-374"/>
      </symbol>
      <symbol id="sm-42f">
         <name>pro</name>
         <value>0xc3e4</value>
         <object_component_ref idref="oc-382"/>
      </symbol>
      <symbol id="sm-430">
         <name>Memory_copy_ptr</name>
         <value>0xc202</value>
         <object_component_ref idref="oc-382"/>
      </symbol>
      <symbol id="sm-431">
         <name>StartDebounceTimer_2</name>
         <value>0xe660</value>
         <object_component_ref idref="oc-385"/>
      </symbol>
      <symbol id="sm-432">
         <name>cal</name>
         <value>0x1f0e</value>
         <object_component_ref idref="oc-374"/>
      </symbol>
      <symbol id="sm-433">
         <name>Calibration</name>
         <value>0xd63a</value>
         <object_component_ref idref="oc-437"/>
      </symbol>
      <symbol id="sm-434">
         <name>data</name>
         <value>0xc20a</value>
         <object_component_ref idref="oc-382"/>
      </symbol>
      <symbol id="sm-435">
         <name>V_monitor_3</name>
         <value>0xc400</value>
         <object_component_ref idref="oc-371"/>
      </symbol>
      <symbol id="sm-436">
         <name>V_monitor_2</name>
         <value>0xc3fe</value>
         <object_component_ref idref="oc-371"/>
      </symbol>
      <symbol id="sm-437">
         <name>Save_RAM</name>
         <value>0xe350</value>
         <object_component_ref idref="oc-3ee"/>
      </symbol>
      <symbol id="sm-438">
         <name>CC_Check</name>
         <value>0xc408</value>
         <object_component_ref idref="oc-371"/>
      </symbol>
      <symbol id="sm-439">
         <name>CalValue_1</name>
         <value>0x1f10</value>
         <object_component_ref idref="oc-374"/>
      </symbol>
      <symbol id="sm-43a">
         <name>CalValue_2</name>
         <value>0x1f14</value>
         <object_component_ref idref="oc-374"/>
      </symbol>
      <symbol id="sm-43b">
         <name>CalValue_3</name>
         <value>0x1f18</value>
         <object_component_ref idref="oc-374"/>
      </symbol>
      <symbol id="sm-43c">
         <name>CalValue_4</name>
         <value>0x1f1c</value>
         <object_component_ref idref="oc-374"/>
      </symbol>
      <symbol id="sm-43d">
         <name>Registers</name>
         <value>0xc20e</value>
         <object_component_ref idref="oc-382"/>
      </symbol>
      <symbol id="sm-43e">
         <name>Counter_2</name>
         <value>0xc404</value>
         <object_component_ref idref="oc-371"/>
      </symbol>
      <symbol id="sm-43f">
         <name>Counter_3</name>
         <value>0x1f28</value>
         <object_component_ref idref="oc-374"/>
      </symbol>
      <symbol id="sm-440">
         <name>test</name>
         <value>0xe58a</value>
         <object_component_ref idref="oc-4bd"/>
      </symbol>
      <symbol id="sm-441">
         <name>FRAM_pc</name>
         <value>0xc40a</value>
         <object_component_ref idref="oc-371"/>
      </symbol>
      <symbol id="sm-442">
         <name>Reg_copy_ptr</name>
         <value>0xc3da</value>
         <object_component_ref idref="oc-382"/>
      </symbol>
      <symbol id="sm-443">
         <name>PC_values</name>
         <value>0xc206</value>
         <object_component_ref idref="oc-382"/>
      </symbol>
      <symbol id="sm-444">
         <name>FRAM_read_ptr</name>
         <value>0xc3f8</value>
         <object_component_ref idref="oc-371"/>
      </symbol>
      <symbol id="sm-445">
         <name>Restore_Register</name>
         <value>0xd7dc</value>
         <object_component_ref idref="oc-4c4"/>
      </symbol>
      <symbol id="sm-446">
         <name>Clock_configuration</name>
         <value>0xe5d4</value>
         <object_component_ref idref="oc-431"/>
      </symbol>
      <symbol id="sm-447">
         <name>FLAG_V_monitor_2</name>
         <value>0xc3f6</value>
         <object_component_ref idref="oc-371"/>
      </symbol>
      <symbol id="sm-448">
         <name>ModeAddress</name>
         <value>0x1f2e</value>
         <object_component_ref idref="oc-374"/>
      </symbol>
      <symbol id="sm-449">
         <name>counter_check</name>
         <value>0xc3e0</value>
         <object_component_ref idref="oc-382"/>
      </symbol>
      <symbol id="sm-461">
         <name>j</name>
         <value>0x1f00</value>
      </symbol>
      <symbol id="sm-462">
         <name>MyFFT_TestBuffer</name>
         <value>0x1e00</value>
      </symbol>
      <symbol id="sm-463">
         <name>l</name>
         <value>0x1f34</value>
         <object_component_ref idref="oc-3d9"/>
      </symbol>
      <symbol id="sm-464">
         <name>g</name>
         <value>0x1f36</value>
         <object_component_ref idref="oc-3d9"/>
      </symbol>
      <symbol id="sm-465">
         <name>main</name>
         <value>0xdec8</value>
         <object_component_ref idref="oc-34f"/>
      </symbol>
      <symbol id="sm-466">
         <name>count</name>
         <value>0x1f32</value>
         <object_component_ref idref="oc-3d9"/>
      </symbol>
      <symbol id="sm-46e">
         <name>__mspabi_sral_15</name>
         <value>0xe482</value>
         <object_component_ref idref="oc-4da"/>
      </symbol>
      <symbol id="sm-46f">
         <name>__mspabi_sral_14</name>
         <value>0xe486</value>
         <object_component_ref idref="oc-4da"/>
      </symbol>
      <symbol id="sm-470">
         <name>__mspabi_sral_13</name>
         <value>0xe48a</value>
         <object_component_ref idref="oc-4da"/>
      </symbol>
      <symbol id="sm-471">
         <name>__mspabi_sral_12</name>
         <value>0xe48e</value>
         <object_component_ref idref="oc-4da"/>
      </symbol>
      <symbol id="sm-472">
         <name>__mspabi_sral_11</name>
         <value>0xe492</value>
         <object_component_ref idref="oc-4da"/>
      </symbol>
      <symbol id="sm-473">
         <name>__mspabi_sral_10</name>
         <value>0xe496</value>
         <object_component_ref idref="oc-4da"/>
      </symbol>
      <symbol id="sm-474">
         <name>__mspabi_sral_8</name>
         <value>0xe49e</value>
         <object_component_ref idref="oc-4da"/>
      </symbol>
      <symbol id="sm-475">
         <name>__mspabi_sral_9</name>
         <value>0xe49a</value>
         <object_component_ref idref="oc-4da"/>
      </symbol>
      <symbol id="sm-476">
         <name>__mspabi_sral_6</name>
         <value>0xe4a6</value>
         <object_component_ref idref="oc-4da"/>
      </symbol>
      <symbol id="sm-477">
         <name>__mspabi_sral_7</name>
         <value>0xe4a2</value>
         <object_component_ref idref="oc-4da"/>
      </symbol>
      <symbol id="sm-478">
         <name>__mspabi_sral_4</name>
         <value>0xe4ae</value>
         <object_component_ref idref="oc-4da"/>
      </symbol>
      <symbol id="sm-479">
         <name>__mspabi_sral_5</name>
         <value>0xe4aa</value>
         <object_component_ref idref="oc-4da"/>
      </symbol>
      <symbol id="sm-47a">
         <name>__mspabi_sral_2</name>
         <value>0xe4b6</value>
         <object_component_ref idref="oc-4da"/>
      </symbol>
      <symbol id="sm-47b">
         <name>__mspabi_sral_3</name>
         <value>0xe4b2</value>
         <object_component_ref idref="oc-4da"/>
      </symbol>
      <symbol id="sm-47c">
         <name>__mspabi_sral_1</name>
         <value>0xe4ba</value>
         <object_component_ref idref="oc-4da"/>
      </symbol>
      <symbol id="sm-484">
         <name>_stack</name>
         <value>0x1f60</value>
         <object_component_ref idref="oc-2fb"/>
      </symbol>
      <symbol id="sm-485">
         <name>_reset_vector</name>
         <value>0xfffe</value>
         <object_component_ref idref="oc-2fe"/>
      </symbol>
      <symbol id="sm-48f">
         <name>_c_int00_noargs_noexit</name>
         <value>0xe62e</value>
         <object_component_ref idref="oc-a8"/>
      </symbol>
      <symbol id="sm-4a0">
         <name>__TI_decompress_none</name>
         <value>0xe4c0</value>
         <object_component_ref idref="oc-66"/>
      </symbol>
      <symbol id="sm-4c4">
         <name>__TI_decompress_rle24</name>
         <value>0xe6b8</value>
         <object_component_ref idref="oc-6c"/>
      </symbol>
      <symbol id="sm-4d0">
         <name>__memcpy_far</name>
         <value>0xe402</value>
         <object_component_ref idref="oc-2ff"/>
      </symbol>
      <symbol id="sm-4dc">
         <name>__mspabi_remli</name>
         <value>0xe442</value>
         <object_component_ref idref="oc-4b6"/>
      </symbol>
      <symbol id="sm-4dd">
         <name>__mspabi_divli</name>
         <value>0xe442</value>
         <object_component_ref idref="oc-4b6"/>
      </symbol>
      <symbol id="sm-4eb">
         <name>__mspabi_remul</name>
         <value>0xe3aa</value>
         <object_component_ref idref="oc-4f9"/>
      </symbol>
      <symbol id="sm-4ec">
         <name>__mspabi_divul</name>
         <value>0xe3aa</value>
         <object_component_ref idref="oc-4f9"/>
      </symbol>
      <symbol id="sm-4f6">
         <name>C$$EXIT</name>
         <value>0xe6ce</value>
         <object_component_ref idref="oc-357"/>
      </symbol>
      <symbol id="sm-4f7">
         <name>abort</name>
         <value>0xe6ce</value>
         <object_component_ref idref="oc-357"/>
      </symbol>
      <symbol id="sm-4fb">
         <name>__TI_int31</name>
         <value>0xffce</value>
         <object_component_ref idref="oc-72"/>
      </symbol>
      <symbol id="sm-4fe">
         <name>__TI_int32</name>
         <value>0xffd0</value>
         <object_component_ref idref="oc-73"/>
      </symbol>
      <symbol id="sm-501">
         <name>__TI_int33</name>
         <value>0xffd2</value>
         <object_component_ref idref="oc-74"/>
      </symbol>
      <symbol id="sm-504">
         <name>__TI_int34</name>
         <value>0xffd4</value>
         <object_component_ref idref="oc-75"/>
      </symbol>
      <symbol id="sm-507">
         <name>__TI_int35</name>
         <value>0xffd6</value>
         <object_component_ref idref="oc-76"/>
      </symbol>
      <symbol id="sm-50a">
         <name>__TI_int37</name>
         <value>0xffda</value>
         <object_component_ref idref="oc-78"/>
      </symbol>
      <symbol id="sm-50d">
         <name>__TI_int38</name>
         <value>0xffdc</value>
         <object_component_ref idref="oc-79"/>
      </symbol>
      <symbol id="sm-510">
         <name>__TI_int39</name>
         <value>0xffde</value>
         <object_component_ref idref="oc-7a"/>
      </symbol>
      <symbol id="sm-513">
         <name>__TI_int40</name>
         <value>0xffe0</value>
         <object_component_ref idref="oc-7b"/>
      </symbol>
      <symbol id="sm-516">
         <name>__TI_int42</name>
         <value>0xffe4</value>
         <object_component_ref idref="oc-7d"/>
      </symbol>
      <symbol id="sm-519">
         <name>__TI_int43</name>
         <value>0xffe6</value>
         <object_component_ref idref="oc-7e"/>
      </symbol>
      <symbol id="sm-51c">
         <name>__TI_int44</name>
         <value>0xffe8</value>
         <object_component_ref idref="oc-7f"/>
      </symbol>
      <symbol id="sm-51f">
         <name>__TI_int45</name>
         <value>0xffea</value>
         <object_component_ref idref="oc-80"/>
      </symbol>
      <symbol id="sm-522">
         <name>__TI_int46</name>
         <value>0xffec</value>
         <object_component_ref idref="oc-81"/>
      </symbol>
      <symbol id="sm-525">
         <name>__TI_int47</name>
         <value>0xffee</value>
         <object_component_ref idref="oc-82"/>
      </symbol>
      <symbol id="sm-528">
         <name>__TI_int48</name>
         <value>0xfff0</value>
         <object_component_ref idref="oc-83"/>
      </symbol>
      <symbol id="sm-52b">
         <name>__TI_int49</name>
         <value>0xfff2</value>
         <object_component_ref idref="oc-84"/>
      </symbol>
      <symbol id="sm-52e">
         <name>__TI_int50</name>
         <value>0xfff4</value>
         <object_component_ref idref="oc-85"/>
      </symbol>
      <symbol id="sm-531">
         <name>__TI_int51</name>
         <value>0xfff6</value>
         <object_component_ref idref="oc-86"/>
      </symbol>
      <symbol id="sm-534">
         <name>__TI_int52</name>
         <value>0xfff8</value>
         <object_component_ref idref="oc-87"/>
      </symbol>
      <symbol id="sm-537">
         <name>__TI_int53</name>
         <value>0xfffa</value>
         <object_component_ref idref="oc-88"/>
      </symbol>
      <symbol id="sm-53a">
         <name>__TI_int54</name>
         <value>0xfffc</value>
         <object_component_ref idref="oc-89"/>
      </symbol>
      <symbol id="sm-542">
         <name>__TI_ISR_TRAP</name>
         <value>0xe6c6</value>
         <object_component_ref idref="oc-318"/>
      </symbol>
      <symbol id="sm-54d">
         <name>__mspabi_mpysl_f5hw</name>
         <value>0xe5f6</value>
         <object_component_ref idref="oc-4e4"/>
      </symbol>
      <symbol id="sm-555">
         <name>__mspabi_mpyi_f5hw</name>
         <value>0xe648</value>
         <object_component_ref idref="oc-377"/>
      </symbol>
      <symbol id="sm-55f">
         <name>__mspabi_mpyl_f5hw</name>
         <value>0xe5b0</value>
         <object_component_ref idref="oc-4b1"/>
      </symbol>
      <symbol id="sm-569">
         <name>_system_pre_init</name>
         <value>0xe6d4</value>
         <object_component_ref idref="oc-32f"/>
      </symbol>
      <symbol id="sm-58c">
         <name>_auto_init_hold_wdt</name>
         <value>0xdf72</value>
         <object_component_ref idref="oc-335"/>
      </symbol>
      <symbol id="sm-5a8">
         <name>copy_in</name>
         <value>0xdd68</value>
         <object_component_ref idref="oc-394"/>
      </symbol>
      <symbol id="sm-5b6">
         <name>memcpy</name>
         <value>0xe698</value>
         <object_component_ref idref="oc-3fb"/>
      </symbol>
      <symbol id="sm-5bf">
         <name>_system_post_cinit</name>
         <value>0xe6d8</value>
         <object_component_ref idref="oc-39a"/>
      </symbol>
      <symbol id="sm-5c1">
         <name>__TI_BINIT_Base</name>
         <value>0x0</value>
      </symbol>
      <symbol id="sm-5c2">
         <name>__TI_BINIT_Limit</name>
         <value>0x0</value>
      </symbol>
      <symbol id="sm-5c3">
         <name>__TI_INITARRAY_Base</name>
         <value>0x0</value>
      </symbol>
      <symbol id="sm-5c4">
         <name>__TI_INITARRAY_Limit</name>
         <value>0x0</value>
      </symbol>
   </symbol_table>
   <title>Link successful</title>
</link_info>
